<html>
<body>
<pre>
<h1>µVision Build Log</h1>
<h2>Tool Versions:</h2>
IDE-Version: ¦ÌVision V5.20.0.0
Copyright (C) 2016 ARM Ltd and ARM Germany GmbH. All rights reserved.
License Information: 1 HP, HP Inc., LIC=CZLZX-HB2SP-74RS0-BMTGX-W6ZJS-AQQYA
 
Tool Versions:
Toolchain:       MDK-ARM Plus  Version: 5.20
Toolchain Path:  D:\Keil_5\ARM\ARMCC\Bin
C Compiler:      Armcc.exe V5.06 update 2 (build 183)
Assembler:       Armasm.exe V5.06 update 2 (build 183)
Linker/Locator:  ArmLink.exe V5.06 update 2 (build 183)
Library Manager: ArmAr.exe V5.06 update 2 (build 183)
Hex Converter:   FromElf.exe V5.06 update 2 (build 183)
CPU DLL:         SARMCM3.DLL V5.20
Dialog DLL:      DARMSTM.DLL V1.66.0.0
Target DLL:      STLink\ST-LINKIII-KEIL_SWO.dll V2.0.18.0
Dialog DLL:      TARMSTM.DLL V1.65.0.0
 
<h2>Project:</h2>
E:\project\stm32f1_prj\stm32f103zet6-esp32c3\mdk\stm32f103.uvprojx
Project File Date:  07/11/2025

<h2>Output:</h2>
*** Using Compiler 'V5.06 update 2 (build 183)', folder: 'D:\Keil_5\ARM\ARMCC\Bin'
Rebuild target 'project'
compiling lcd_spi.c...
compiling key_exti.c...
compiling main.c...
..\app\main.c(85): warning:  #177-D: variable "weather_ok" was declared but never referenced
      bool weather_ok = false;
..\app\main.c(86): warning:  #177-D: variable "stnp_ok" was declared but never referenced
      bool stnp_ok = false;
..\app\main.c(87): warning:  #177-D: variable "t" was declared but never referenced
      uint32_t  t = 0;
..\app\main.c: 3 warnings, 0 errors
compiling delay.c...
compiling led.c...
compiling key.c...
compiling swi2c.c...
compiling weather.c...
compiling esp_at.c...
compiling esp_usart.c...
compiling mpu6050.c...
compiling rtc.c...
compiling timer.c...
compiling st7735.c...
assembling startup_stm32f10x_hd.s...
compiling stfonts.c...
compiling stimage.c...
compiling system_stm32f10x.c...
compiling core_cm3.c...
compiling misc.c...
compiling stm32f10x_adc.c...
compiling stm32f10x_bkp.c...
compiling stm32f10x_cec.c...
compiling stm32f10x_can.c...
compiling stm32f10x_crc.c...
compiling stm32f10x_dbgmcu.c...
compiling stm32f10x_dac.c...
compiling stm32f10x_dma.c...
compiling stm32f10x_exti.c...
compiling stm32f10x_flash.c...
compiling stm32f10x_fsmc.c...
compiling stm32f10x_gpio.c...
compiling stm32f10x_iwdg.c...
compiling stm32f10x_i2c.c...
compiling stm32f10x_pwr.c...
compiling stm32f10x_rcc.c...
compiling stm32f10x_sdio.c...
compiling stm32f10x_rtc.c...
compiling stm32f10x_spi.c...
compiling stm32f10x_usart.c...
compiling stm32f10x_wwdg.c...
compiling stm32f10x_tim.c...
linking...
Program Size: Code=9636 RO-data=2748 RW-data=108 ZI-data=9220  
FromELF: creating hex file...
".\Objects\stm32f103.axf" - 0 Error(s), 3 Warning(s).

<h2>Collection of Component include folders:</h2>
  E:\project\stm32f1_prj\stm32f103zet6-esp32c3\mdk\RTE
  D:\Keil_5\ARM\PACK\Keil\STM32F1xx_DFP\2.1.0\Device\Include

<h2>Collection of Component Files used:</h2>
Build Time Elapsed:  00:00:05
</pre>
</body>
</html>
