Component: ARM Compiler 5.06 update 2 (build 183) Tool: armlink [4d35b7]

==============================================================================

Section Cross References

    main.o(i.Board_LowLevel_Init) refers to stm32f10x_rcc.o(i.RCC_APB2PeriphClockCmd) for RCC_APB2PeriphClockCmd
    main.o(i.Board_LowLevel_Init) refers to stm32f10x_rcc.o(i.RCC_APB1PeriphClockCmd) for RCC_APB1PeriphClockCmd
    main.o(i.Board_LowLevel_Init) refers to stm32f10x_rcc.o(i.RCC_AHBPeriphClockCmd) for RCC_AHBPeriphClockCmd
    main.o(i.Board_LowLevel_Init) refers to stm32f10x_pwr.o(i.PWR_BackupAccessCmd) for PWR_BackupAccessCmd
    main.o(i.Board_LowLevel_Init) refers to stm32f10x_bkp.o(i.BKP_DeInit) for BKP_DeInit
    main.o(i.Board_LowLevel_Init) refers to stm32f10x_rcc.o(i.RCC_LSEConfig) for RCC_LSEConfig
    main.o(i.Board_LowLevel_Init) refers to stm32f10x_rcc.o(i.RCC_GetFlagStatus) for RCC_GetFlagStatus
    main.o(i.Board_LowLevel_Init) refers to misc.o(i.NVIC_PriorityGroupConfig) for NVIC_PriorityGroupConfig
    main.o(i.main) refers to main.o(i.Board_LowLevel_Init) for Board_LowLevel_Init
    main.o(i.main) refers to led.o(i.Led_Init) for Led_Init
    main.o(i.main) refers to rtc.o(i.RTC_Init) for RTC_Init
    main.o(i.main) refers to st7735.o(i.ST7735_Init) for ST7735_Init
    main.o(i.main) refers to st7735.o(i.ST7735_Fill_Screen) for ST7735_Fill_Screen
    main.o(i.main) refers to delay.o(i.Delayms) for Delayms
    main.o(i.main) refers to esp_at.o(i.ESP_AT_Init) for ESP_AT_Init
    main.o(i.main) refers to esp_at.o(i.ESP_AT_Wifi_Init) for ESP_AT_Wifi_Init
    main.o(i.main) refers to esp_at.o(i.ESP_AT_Wifi_Connect) for ESP_AT_Wifi_Connect
    main.o(i.main) refers to esp_at.o(i.ESP_AT_Http_Get) for ESP_AT_Http_Get
    main.o(i.main) refers to weather.o(i.weather_parse) for weather_parse
    main.o(i.main) refers to printfa.o(i.__0snprintf) for __2snprintf
    main.o(i.main) refers to st7735.o(i.ST7735_Write_String) for ST7735_Write_String
    main.o(i.main) refers to main.o(.data) for wifi_password
    main.o(i.main) refers to stfonts.o(.data) for font_ascii_8x16
    main.o(.data) refers to main.o(.conststring) for .conststring
    led.o(i.Led_Init) refers to stm32f10x_gpio.o(i.GPIO_Init) for GPIO_Init
    led.o(i.Led_Init) refers to stm32f10x_gpio.o(i.GPIO_SetBits) for GPIO_SetBits
    led.o(i.Led_Toggle) refers to stm32f10x_gpio.o(i.GPIO_WriteBit) for GPIO_WriteBit
    led.o(i.Led_Toggle) refers to led.o(.data) for led_state
    key.o(i.Key_Init) refers to stm32f10x_gpio.o(i.GPIO_Init) for GPIO_Init
    key.o(i.Key_Pressed) refers to stm32f10x_gpio.o(i.GPIO_ReadInputDataBit) for GPIO_ReadInputDataBit
    key.o(i.Key_Pressed) refers to delay.o(i.Delayms) for Delayms
    key.o(i.Key_WaitRelease) refers to key.o(i.Key_Pressed) for Key_Pressed
    key_exti.o(i.EXTI4_IRQHandler) refers to stm32f10x_exti.o(i.EXTI_GetITStatus) for EXTI_GetITStatus
    key_exti.o(i.EXTI4_IRQHandler) refers to key.o(i.Key_Pressed) for Key_Pressed
    key_exti.o(i.EXTI4_IRQHandler) refers to key.o(i.Key_WaitRelease) for Key_WaitRelease
    key_exti.o(i.EXTI4_IRQHandler) refers to stm32f10x_exti.o(i.EXTI_ClearITPendingBit) for EXTI_ClearITPendingBit
    key_exti.o(i.EXTI4_IRQHandler) refers to key_exti.o(.data) for key_press_callback
    key_exti.o(i.Key_Exti_Init) refers to stm32f10x_gpio.o(i.GPIO_Init) for GPIO_Init
    key_exti.o(i.Key_Exti_Init) refers to stm32f10x_gpio.o(i.GPIO_EXTILineConfig) for GPIO_EXTILineConfig
    key_exti.o(i.Key_Exti_Init) refers to stm32f10x_exti.o(i.EXTI_Init) for EXTI_Init
    key_exti.o(i.Key_Exti_Init) refers to misc.o(i.NVIC_Init) for NVIC_Init
    key_exti.o(i.Key_Exti_Register) refers to key_exti.o(.data) for key_press_callback
    lcd_spi.o(i.DMA1_Channel3_IRQHandler) refers to stm32f10x_dma.o(i.DMA_GetITStatus) for DMA_GetITStatus
    lcd_spi.o(i.DMA1_Channel3_IRQHandler) refers to stm32f10x_spi.o(i.SPI_I2S_GetFlagStatus) for SPI_I2S_GetFlagStatus
    lcd_spi.o(i.DMA1_Channel3_IRQHandler) refers to stm32f10x_dma.o(i.DMA_ClearITPendingBit) for DMA_ClearITPendingBit
    lcd_spi.o(i.DMA1_Channel3_IRQHandler) refers to lcd_spi.o(.data) for lcd_spi_send_finish_callback
    lcd_spi.o(i.LCD_SPI_GPIO_Init) refers to stm32f10x_gpio.o(i.GPIO_Init) for GPIO_Init
    lcd_spi.o(i.LCD_SPI_GPIO_Init) refers to stm32f10x_gpio.o(i.GPIO_WriteBit) for GPIO_WriteBit
    lcd_spi.o(i.LCD_SPI_Init) refers to lcd_spi.o(i.LCD_SPI_GPIO_Init) for LCD_SPI_GPIO_Init
    lcd_spi.o(i.LCD_SPI_Init) refers to lcd_spi.o(i.LCD_SPI_NVIC_Init) for LCD_SPI_NVIC_Init
    lcd_spi.o(i.LCD_SPI_Init) refers to lcd_spi.o(i.LCD_SPI_LowLevel_Init) for LCD_SPI_LowLevel_Init
    lcd_spi.o(i.LCD_SPI_LowLevel_Init) refers to stm32f10x_spi.o(i.SPI_Init) for SPI_Init
    lcd_spi.o(i.LCD_SPI_LowLevel_Init) refers to stm32f10x_spi.o(i.SPI_I2S_DMACmd) for SPI_I2S_DMACmd
    lcd_spi.o(i.LCD_SPI_LowLevel_Init) refers to stm32f10x_spi.o(i.SPI_Cmd) for SPI_Cmd
    lcd_spi.o(i.LCD_SPI_NVIC_Init) refers to misc.o(i.NVIC_Init) for NVIC_Init
[...]
    Removing stm32f10x_gpio.o(i.GPIO_ReadOutputData), (8 bytes).
    Removing stm32f10x_gpio.o(i.GPIO_ReadOutputDataBit), (18 bytes).
    Removing stm32f10x_gpio.o(i.GPIO_StructInit), (16 bytes).
    Removing stm32f10x_gpio.o(i.GPIO_Write), (4 bytes).
    Removing stm32f10x_i2c.o(i.I2C_ARPCmd), (24 bytes).
    Removing stm32f10x_i2c.o(i.I2C_AcknowledgeConfig), (24 bytes).
    Removing stm32f10x_i2c.o(i.I2C_CalculatePEC), (24 bytes).
    Removing stm32f10x_i2c.o(i.I2C_CheckEvent), (42 bytes).
    Removing stm32f10x_i2c.o(i.I2C_ClearFlag), (12 bytes).
    Removing stm32f10x_i2c.o(i.I2C_ClearITPendingBit), (12 bytes).
    Removing stm32f10x_i2c.o(i.I2C_Cmd), (24 bytes).
    Removing stm32f10x_i2c.o(i.I2C_DMACmd), (24 bytes).
    Removing stm32f10x_i2c.o(i.I2C_DMALastTransferCmd), (24 bytes).
    Removing stm32f10x_i2c.o(i.I2C_DeInit), (56 bytes).
    Removing stm32f10x_i2c.o(i.I2C_DualAddressCmd), (24 bytes).
    Removing stm32f10x_i2c.o(i.I2C_FastModeDutyCycleConfig), (28 bytes).
    Removing stm32f10x_i2c.o(i.I2C_GeneralCallCmd), (24 bytes).
    Removing stm32f10x_i2c.o(i.I2C_GenerateSTART), (24 bytes).
    Removing stm32f10x_i2c.o(i.I2C_GenerateSTOP), (24 bytes).
    Removing stm32f10x_i2c.o(i.I2C_GetFlagStatus), (58 bytes).
    Removing stm32f10x_i2c.o(i.I2C_GetITStatus), (38 bytes).
    Removing stm32f10x_i2c.o(i.I2C_GetLastEvent), (26 bytes).
    Removing stm32f10x_i2c.o(i.I2C_GetPEC), (8 bytes).
    Removing stm32f10x_i2c.o(i.I2C_ITConfig), (18 bytes).
    Removing stm32f10x_i2c.o(i.I2C_Init), (236 bytes).
    Removing stm32f10x_i2c.o(i.I2C_NACKPositionConfig), (28 bytes).
    Removing stm32f10x_i2c.o(i.I2C_OwnAddress2Config), (22 bytes).
    Removing stm32f10x_i2c.o(i.I2C_PECPositionConfig), (28 bytes).
    Removing stm32f10x_i2c.o(i.I2C_ReadRegister), (22 bytes).
    Removing stm32f10x_i2c.o(i.I2C_ReceiveData), (8 bytes).
    Removing stm32f10x_i2c.o(i.I2C_SMBusAlertConfig), (28 bytes).
    Removing stm32f10x_i2c.o(i.I2C_Send7bitAddress), (18 bytes).
    Removing stm32f10x_i2c.o(i.I2C_SendData), (4 bytes).
    Removing stm32f10x_i2c.o(i.I2C_SoftwareResetCmd), (22 bytes).
    Removing stm32f10x_i2c.o(i.I2C_StretchClockCmd), (24 bytes).
    Removing stm32f10x_i2c.o(i.I2C_StructInit), (30 bytes).
    Removing stm32f10x_i2c.o(i.I2C_TransmitPEC), (24 bytes).
    Removing stm32f10x_iwdg.o(i.IWDG_Enable), (16 bytes).
    Removing stm32f10x_iwdg.o(i.IWDG_GetFlagStatus), (24 bytes).
    Removing stm32f10x_iwdg.o(i.IWDG_ReloadCounter), (16 bytes).
    Removing stm32f10x_iwdg.o(i.IWDG_SetPrescaler), (12 bytes).
    Removing stm32f10x_iwdg.o(i.IWDG_SetReload), (12 bytes).
    Removing stm32f10x_iwdg.o(i.IWDG_WriteAccessCmd), (12 bytes).
    Removing stm32f10x_pwr.o(i.PWR_ClearFlag), (20 bytes).
    Removing stm32f10x_pwr.o(i.PWR_DeInit), (22 bytes).
    Removing stm32f10x_pwr.o(i.PWR_EnterSTANDBYMode), (40 bytes).
    Removing stm32f10x_pwr.o(i.PWR_EnterSTOPMode), (64 bytes).
    Removing stm32f10x_pwr.o(i.PWR_GetFlagStatus), (24 bytes).
    Removing stm32f10x_pwr.o(i.PWR_PVDCmd), (12 bytes).
    Removing stm32f10x_pwr.o(i.PWR_PVDLevelConfig), (24 bytes).
    Removing stm32f10x_pwr.o(i.PWR_WakeUpPinCmd), (12 bytes).
    Removing stm32f10x_rcc.o(i.RCC_ADCCLKConfig), (24 bytes).
    Removing stm32f10x_rcc.o(i.RCC_APB1PeriphResetCmd), (32 bytes).
    Removing stm32f10x_rcc.o(i.RCC_APB2PeriphResetCmd), (32 bytes).
    Removing stm32f10x_rcc.o(i.RCC_AdjustHSICalibrationValue), (24 bytes).
    Removing stm32f10x_rcc.o(i.RCC_ClearFlag), (20 bytes).
    Removing stm32f10x_rcc.o(i.RCC_ClearITPendingBit), (12 bytes).
    Removing stm32f10x_rcc.o(i.RCC_ClockSecuritySystemCmd), (12 bytes).
    Removing stm32f10x_rcc.o(i.RCC_DeInit), (76 bytes).
    Removing stm32f10x_rcc.o(i.RCC_GetITStatus), (24 bytes).
    Removing stm32f10x_rcc.o(i.RCC_GetSYSCLKSource), (16 bytes).
    Removing stm32f10x_rcc.o(i.RCC_HCLKConfig), (24 bytes).
    Removing stm32f10x_rcc.o(i.RCC_HSEConfig), (76 bytes).
    Removing stm32f10x_rcc.o(i.RCC_HSICmd), (12 bytes).
    Removing stm32f10x_rcc.o(i.RCC_ITConfig), (32 bytes).
    Removing stm32f10x_rcc.o(i.RCC_LSICmd), (12 bytes).
    Removing stm32f10x_rcc.o(i.RCC_MCOConfig), (12 bytes).
    Removing stm32f10x_rcc.o(i.RCC_PCLK1Config), (24 bytes).
    Removing stm32f10x_rcc.o(i.RCC_PCLK2Config), (24 bytes).
    Removing stm32f10x_rcc.o(i.RCC_PLLCmd), (12 bytes).
    Removing stm32f10x_rcc.o(i.RCC_PLLConfig), (28 bytes).
    Removing stm32f10x_rcc.o(i.RCC_SYSCLKConfig), (24 bytes).
    Removing stm32f10x_rcc.o(i.RCC_USBCLKConfig), (12 bytes).
    Removing stm32f10x_rcc.o(i.RCC_WaitForHSEStartUp), (56 bytes).
    Removing stm32f10x_rtc.o(i.RTC_ClearFlag), (16 bytes).
    Removing stm32f10x_rtc.o(i.RTC_ClearITPendingBit), (16 bytes).
    Removing stm32f10x_rtc.o(i.RTC_GetCounter), (44 bytes).
    Removing stm32f10x_rtc.o(i.RTC_GetDivider), (24 bytes).
    Removing stm32f10x_rtc.o(i.RTC_GetFlagStatus), (24 bytes).
    Removing stm32f10x_rtc.o(i.RTC_GetITStatus), (36 bytes).
    Removing stm32f10x_rtc.o(i.RTC_ITConfig), (32 bytes).
    Removing stm32f10x_rtc.o(i.RTC_SetAlarm), (28 bytes).
    Removing stm32f10x_rtc.o(i.RTC_SetCounter), (28 bytes).
    Removing stm32f10x_sdio.o(i.SDIO_CEATAITCmd), (16 bytes).
    Removing stm32f10x_sdio.o(i.SDIO_ClearFlag), (12 bytes).
    Removing stm32f10x_sdio.o(i.SDIO_ClearITPendingBit), (12 bytes).
    Removing stm32f10x_sdio.o(i.SDIO_ClockCmd), (12 bytes).
    Removing stm32f10x_sdio.o(i.SDIO_CmdStructInit), (14 bytes).
    Removing stm32f10x_sdio.o(i.SDIO_CommandCompletionCmd), (12 bytes).
    Removing stm32f10x_sdio.o(i.SDIO_DMACmd), (12 bytes).
    Removing stm32f10x_sdio.o(i.SDIO_DataConfig), (48 bytes).
    Removing stm32f10x_sdio.o(i.SDIO_DataStructInit), (20 bytes).
    Removing stm32f10x_sdio.o(i.SDIO_DeInit), (36 bytes).
    Removing stm32f10x_sdio.o(i.SDIO_GetCommandResponse), (12 bytes).
    Removing stm32f10x_sdio.o(i.SDIO_GetDataCounter), (12 bytes).
    Removing stm32f10x_sdio.o(i.SDIO_GetFIFOCount), (12 bytes).
    Removing stm32f10x_sdio.o(i.SDIO_GetFlagStatus), (24 bytes).
    Removing stm32f10x_sdio.o(i.SDIO_GetITStatus), (24 bytes).
    Removing stm32f10x_sdio.o(i.SDIO_GetPowerState), (16 bytes).
    Removing stm32f10x_sdio.o(i.SDIO_GetResponse), (24 bytes).
    Removing stm32f10x_sdio.o(i.SDIO_ITConfig), (32 bytes).
    Removing stm32f10x_sdio.o(i.SDIO_Init), (48 bytes).
    Removing stm32f10x_sdio.o(i.SDIO_ReadData), (12 bytes).
    Removing stm32f10x_sdio.o(i.SDIO_SendCEATACmd), (12 bytes).
    Removing stm32f10x_sdio.o(i.SDIO_SendCommand), (44 bytes).
    Removing stm32f10x_sdio.o(i.SDIO_SendSDIOSuspendCmd), (12 bytes).
    Removing stm32f10x_sdio.o(i.SDIO_SetPowerState), (12 bytes).
    Removing stm32f10x_sdio.o(i.SDIO_SetSDIOOperation), (12 bytes).
    Removing stm32f10x_sdio.o(i.SDIO_SetSDIOReadWaitMode), (12 bytes).
    Removing stm32f10x_sdio.o(i.SDIO_StartSDIOReadWait), (12 bytes).
    Removing stm32f10x_sdio.o(i.SDIO_StopSDIOReadWait), (12 bytes).
    Removing stm32f10x_sdio.o(i.SDIO_StructInit), (16 bytes).
    Removing stm32f10x_sdio.o(i.SDIO_WriteData), (12 bytes).
    Removing stm32f10x_spi.o(i.I2S_Cmd), (24 bytes).
    Removing stm32f10x_spi.o(i.I2S_Init), (232 bytes).
    Removing stm32f10x_spi.o(i.I2S_StructInit), (20 bytes).
    Removing stm32f10x_spi.o(i.SPI_BiDirectionalLineConfig), (28 bytes).
    Removing stm32f10x_spi.o(i.SPI_CalculateCRC), (24 bytes).
    Removing stm32f10x_spi.o(i.SPI_DataSizeConfig), (18 bytes).
    Removing stm32f10x_spi.o(i.SPI_GetCRC), (16 bytes).
    Removing stm32f10x_spi.o(i.SPI_GetCRCPolynomial), (6 bytes).
    Removing stm32f10x_spi.o(i.SPI_I2S_ClearFlag), (6 bytes).
    Removing stm32f10x_spi.o(i.SPI_I2S_ClearITPendingBit), (20 bytes).
    Removing stm32f10x_spi.o(i.SPI_I2S_DeInit), (88 bytes).
    Removing stm32f10x_spi.o(i.SPI_I2S_GetITStatus), (52 bytes).
    Removing stm32f10x_spi.o(i.SPI_I2S_ITConfig), (32 bytes).
    Removing stm32f10x_spi.o(i.SPI_I2S_ReceiveData), (6 bytes).
    Removing stm32f10x_spi.o(i.SPI_NSSInternalSoftwareConfig), (30 bytes).
    Removing stm32f10x_spi.o(i.SPI_SSOutputCmd), (24 bytes).
    Removing stm32f10x_spi.o(i.SPI_StructInit), (24 bytes).
    Removing stm32f10x_spi.o(i.SPI_TransmitCRC), (10 bytes).
    Removing stm32f10x_tim.o(i.TI1_Config), (128 bytes).
    Removing stm32f10x_tim.o(i.TI2_Config), (152 bytes).
    Removing stm32f10x_tim.o(i.TI3_Config), (144 bytes).
    Removing stm32f10x_tim.o(i.TI4_Config), (152 bytes).
    Removing stm32f10x_tim.o(i.TIM_ARRPreloadConfig), (24 bytes).
    Removing stm32f10x_tim.o(i.TIM_BDTRConfig), (32 bytes).
    Removing stm32f10x_tim.o(i.TIM_BDTRStructInit), (18 bytes).
    Removing stm32f10x_tim.o(i.TIM_CCPreloadControl), (24 bytes).
    Removing stm32f10x_tim.o(i.TIM_CCxCmd), (30 bytes).
    Removing stm32f10x_tim.o(i.TIM_CCxNCmd), (30 bytes).
    Removing stm32f10x_tim.o(i.TIM_ClearFlag), (6 bytes).
    Removing stm32f10x_tim.o(i.TIM_ClearOC1Ref), (18 bytes).
    Removing stm32f10x_tim.o(i.TIM_ClearOC2Ref), (24 bytes).
    Removing stm32f10x_tim.o(i.TIM_ClearOC3Ref), (18 bytes).
    Removing stm32f10x_tim.o(i.TIM_ClearOC4Ref), (24 bytes).
    Removing stm32f10x_tim.o(i.TIM_Cmd), (24 bytes).
    Removing stm32f10x_tim.o(i.TIM_CounterModeConfig), (18 bytes).
    Removing stm32f10x_tim.o(i.TIM_CtrlPWMOutputs), (30 bytes).
    Removing stm32f10x_tim.o(i.TIM_DMACmd), (18 bytes).
    Removing stm32f10x_tim.o(i.TIM_DMAConfig), (10 bytes).
    Removing stm32f10x_tim.o(i.TIM_DeInit), (488 bytes).
    Removing stm32f10x_tim.o(i.TIM_ETRClockMode1Config), (54 bytes).
    Removing stm32f10x_tim.o(i.TIM_ETRClockMode2Config), (32 bytes).
    Removing stm32f10x_tim.o(i.TIM_ETRConfig), (28 bytes).
    Removing stm32f10x_tim.o(i.TIM_EncoderInterfaceConfig), (66 bytes).
    Removing stm32f10x_tim.o(i.TIM_ForcedOC1Config), (18 bytes).
    Removing stm32f10x_tim.o(i.TIM_ForcedOC2Config), (26 bytes).
    Removing stm32f10x_tim.o(i.TIM_ForcedOC3Config), (18 bytes).
    Removing stm32f10x_tim.o(i.TIM_ForcedOC4Config), (26 bytes).
    Removing stm32f10x_tim.o(i.TIM_GenerateEvent), (4 bytes).
    Removing stm32f10x_tim.o(i.TIM_GetCapture1), (6 bytes).
    Removing stm32f10x_tim.o(i.TIM_GetCapture2), (6 bytes).
    Removing stm32f10x_tim.o(i.TIM_GetCapture3), (6 bytes).
    Removing stm32f10x_tim.o(i.TIM_GetCapture4), (8 bytes).
    Removing stm32f10x_tim.o(i.TIM_GetCounter), (6 bytes).
    Removing stm32f10x_tim.o(i.TIM_GetFlagStatus), (18 bytes).
    Removing stm32f10x_tim.o(i.TIM_GetPrescaler), (6 bytes).
    Removing stm32f10x_tim.o(i.TIM_ICInit), (172 bytes).
    Removing stm32f10x_tim.o(i.TIM_ICStructInit), (18 bytes).
    Removing stm32f10x_tim.o(i.TIM_ITConfig), (18 bytes).
    Removing stm32f10x_tim.o(i.TIM_ITRxExternalClockConfig), (24 bytes).
    Removing stm32f10x_tim.o(i.TIM_InternalClockConfig), (12 bytes).
    Removing stm32f10x_tim.o(i.TIM_OC1FastConfig), (18 bytes).
    Removing stm32f10x_tim.o(i.TIM_OC1Init), (152 bytes).
    Removing stm32f10x_tim.o(i.TIM_OC1NPolarityConfig), (18 bytes).
    Removing stm32f10x_tim.o(i.TIM_OC1PolarityConfig), (18 bytes).
    Removing stm32f10x_tim.o(i.TIM_OC1PreloadConfig), (18 bytes).
    Removing stm32f10x_tim.o(i.TIM_OC2FastConfig), (26 bytes).
    Removing stm32f10x_tim.o(i.TIM_OC2Init), (164 bytes).
    Removing stm32f10x_tim.o(i.TIM_OC2NPolarityConfig), (26 bytes).
    Removing stm32f10x_tim.o(i.TIM_OC2PolarityConfig), (26 bytes).
    Removing stm32f10x_tim.o(i.TIM_OC2PreloadConfig), (26 bytes).
    Removing stm32f10x_tim.o(i.TIM_OC3FastConfig), (18 bytes).
    Removing stm32f10x_tim.o(i.TIM_OC3Init), (160 bytes).
    Removing stm32f10x_tim.o(i.TIM_OC3NPolarityConfig), (26 bytes).
    Removing stm32f10x_tim.o(i.TIM_OC3PolarityConfig), (26 bytes).
    Removing stm32f10x_tim.o(i.TIM_OC3PreloadConfig), (18 bytes).
    Removing stm32f10x_tim.o(i.TIM_OC4FastConfig), (26 bytes).
    Removing stm32f10x_tim.o(i.TIM_OC4Init), (124 bytes).
    Removing stm32f10x_tim.o(i.TIM_OC4PolarityConfig), (26 bytes).
    Removing stm32f10x_tim.o(i.TIM_OC4PreloadConfig), (26 bytes).
    Removing stm32f10x_tim.o(i.TIM_OCStructInit), (20 bytes).
    Removing stm32f10x_tim.o(i.TIM_PWMIConfig), (124 bytes).
    Removing stm32f10x_tim.o(i.TIM_PrescalerConfig), (6 bytes).
    Removing stm32f10x_tim.o(i.TIM_SelectCCDMA), (24 bytes).
    Removing stm32f10x_tim.o(i.TIM_SelectCOM), (24 bytes).
    Removing stm32f10x_tim.o(i.TIM_SelectHallSensor), (24 bytes).
    Removing stm32f10x_tim.o(i.TIM_SelectInputTrigger), (18 bytes).
    Removing stm32f10x_tim.o(i.TIM_SelectMasterSlaveMode), (18 bytes).
    Removing stm32f10x_tim.o(i.TIM_SelectOCxM), (82 bytes).
    Removing stm32f10x_tim.o(i.TIM_SelectOnePulseMode), (18 bytes).
    Removing stm32f10x_tim.o(i.TIM_SelectOutputTrigger), (18 bytes).
    Removing stm32f10x_tim.o(i.TIM_SelectSlaveMode), (18 bytes).
    Removing stm32f10x_tim.o(i.TIM_SetAutoreload), (4 bytes).
    Removing stm32f10x_tim.o(i.TIM_SetClockDivision), (18 bytes).
    Removing stm32f10x_tim.o(i.TIM_SetCompare1), (4 bytes).
    Removing stm32f10x_tim.o(i.TIM_SetCompare2), (4 bytes).
    Removing stm32f10x_tim.o(i.TIM_SetCompare3), (4 bytes).
    Removing stm32f10x_tim.o(i.TIM_SetCompare4), (6 bytes).
    Removing stm32f10x_tim.o(i.TIM_SetCounter), (4 bytes).
    Removing stm32f10x_tim.o(i.TIM_SetIC1Prescaler), (18 bytes).
    Removing stm32f10x_tim.o(i.TIM_SetIC2Prescaler), (26 bytes).
    Removing stm32f10x_tim.o(i.TIM_SetIC3Prescaler), (18 bytes).
    Removing stm32f10x_tim.o(i.TIM_SetIC4Prescaler), (26 bytes).
    Removing stm32f10x_tim.o(i.TIM_TIxExternalClockConfig), (62 bytes).
    Removing stm32f10x_tim.o(i.TIM_TimeBaseInit), (164 bytes).
    Removing stm32f10x_tim.o(i.TIM_TimeBaseStructInit), (18 bytes).
    Removing stm32f10x_tim.o(i.TIM_UpdateDisableConfig), (24 bytes).
    Removing stm32f10x_tim.o(i.TIM_UpdateRequestConfig), (24 bytes).
    Removing stm32f10x_usart.o(i.USART_ClearFlag), (18 bytes).
    Removing stm32f10x_usart.o(i.USART_ClearITPendingBit), (30 bytes).
    Removing stm32f10x_usart.o(i.USART_ClockInit), (34 bytes).
    Removing stm32f10x_usart.o(i.USART_ClockStructInit), (12 bytes).
    Removing stm32f10x_usart.o(i.USART_DMACmd), (18 bytes).
    Removing stm32f10x_usart.o(i.USART_DeInit), (156 bytes).
    Removing stm32f10x_usart.o(i.USART_HalfDuplexCmd), (24 bytes).
    Removing stm32f10x_usart.o(i.USART_IrDACmd), (24 bytes).
    Removing stm32f10x_usart.o(i.USART_IrDAConfig), (18 bytes).
    Removing stm32f10x_usart.o(i.USART_LINBreakDetectLengthConfig), (18 bytes).
    Removing stm32f10x_usart.o(i.USART_LINCmd), (24 bytes).
    Removing stm32f10x_usart.o(i.USART_OneBitMethodCmd), (24 bytes).
    Removing stm32f10x_usart.o(i.USART_OverSampling8Cmd), (22 bytes).
    Removing stm32f10x_usart.o(i.USART_ReceiverWakeUpCmd), (24 bytes).
    Removing stm32f10x_usart.o(i.USART_SendBreak), (10 bytes).
    Removing stm32f10x_usart.o(i.USART_SetAddress), (18 bytes).
    Removing stm32f10x_usart.o(i.USART_SetGuardTime), (16 bytes).
    Removing stm32f10x_usart.o(i.USART_SetPrescaler), (16 bytes).
    Removing stm32f10x_usart.o(i.USART_SmartCardCmd), (24 bytes).
    Removing stm32f10x_usart.o(i.USART_SmartCardNACKCmd), (24 bytes).
    Removing stm32f10x_usart.o(i.USART_StructInit), (24 bytes).
    Removing stm32f10x_usart.o(i.USART_WakeUpConfig), (18 bytes).
    Removing stm32f10x_wwdg.o(i.WWDG_ClearFlag), (12 bytes).
    Removing stm32f10x_wwdg.o(i.WWDG_DeInit), (22 bytes).
    Removing stm32f10x_wwdg.o(i.WWDG_Enable), (16 bytes).
    Removing stm32f10x_wwdg.o(i.WWDG_EnableIT), (12 bytes).
    Removing stm32f10x_wwdg.o(i.WWDG_GetFlagStatus), (12 bytes).
    Removing stm32f10x_wwdg.o(i.WWDG_SetCounter), (16 bytes).
    Removing stm32f10x_wwdg.o(i.WWDG_SetPrescaler), (24 bytes).
    Removing stm32f10x_wwdg.o(i.WWDG_SetWindowValue), (40 bytes).
    Removing fadd.o(.text), (176 bytes).
    Removing fdiv.o(.text), (124 bytes).
    Removing fflti.o(.text), (18 bytes).
    Removing fepilogue.o(.text), (110 bytes).

483 unused section(s) (total 39559 bytes) removed from the image.

==============================================================================

Image Symbol Table

    Local Symbols

    Symbol Name                              Value     Ov Type        Size  Object(Section)

    ../clib/microlib/ctype/ctype.c           0x00000000   Number         0  isblank_o.o ABSOLUTE
    ../clib/microlib/ctype/ctype.c           0x00000000   Number         0  iscntrl_o.o ABSOLUTE
    ../clib/microlib/ctype/ctype.c           0x00000000   Number         0  isxdigit_o.o ABSOLUTE
    ../clib/microlib/ctype/ctype.c           0x00000000   Number         0  isupper_o.o ABSOLUTE
    ../clib/microlib/ctype/ctype.c           0x00000000   Number         0  isgraph_o.o ABSOLUTE
    ../clib/microlib/ctype/ctype.c           0x00000000   Number         0  isdigit_o.o ABSOLUTE
    ../clib/microlib/ctype/ctype.c           0x00000000   Number         0  isspace_o.o ABSOLUTE
    ../clib/microlib/ctype/ctype.c           0x00000000   Number         0  ctype_o.o ABSOLUTE
    ../clib/microlib/ctype/ctype.c           0x00000000   Number         0  ispunct_o.o ABSOLUTE
    ../clib/microlib/ctype/ctype.c           0x00000000   Number         0  isalnum_o.o ABSOLUTE
    ../clib/microlib/ctype/ctype.c           0x00000000   Number         0  islower_o.o ABSOLUTE
    ../clib/microlib/ctype/ctype.c           0x00000000   Number         0  isalpha_o.o ABSOLUTE
    ../clib/microlib/ctype/ctype.c           0x00000000   Number         0  isprint_o.o ABSOLUTE
    ../clib/microlib/division.c              0x00000000   Number         0  uidiv.o ABSOLUTE
    ../clib/microlib/division.c              0x00000000   Number         0  uldiv.o ABSOLUTE
    ../clib/microlib/errno.c                 0x00000000   Number         0  errno.o ABSOLUTE
    ../clib/microlib/init/entry.s            0x00000000   Number         0  entry7b.o ABSOLUTE
    ../clib/microlib/init/entry.s            0x00000000   Number         0  entry7a.o ABSOLUTE
    ../clib/microlib/init/entry.s            0x00000000   Number         0  entry2.o ABSOLUTE
    ../clib/microlib/init/entry.s            0x00000000   Number         0  entry9a.o ABSOLUTE
    ../clib/microlib/init/entry.s            0x00000000   Number         0  entry9b.o ABSOLUTE
    ../clib/microlib/init/entry.s            0x00000000   Number         0  entry10a.o ABSOLUTE
    ../clib/microlib/init/entry.s            0x00000000   Number         0  entry10b.o ABSOLUTE
    ../clib/microlib/init/entry.s            0x00000000   Number         0  entry11a.o ABSOLUTE
    ../clib/microlib/init/entry.s            0x00000000   Number         0  entry11b.o ABSOLUTE
    ../clib/microlib/init/entry.s            0x00000000   Number         0  entry8b.o ABSOLUTE
    ../clib/microlib/init/entry.s            0x00000000   Number         0  entry5.o ABSOLUTE
    ../clib/microlib/init/entry.s            0x00000000   Number         0  entry.o ABSOLUTE
    ../clib/microlib/init/entry.s            0x00000000   Number         0  entry8a.o ABSOLUTE
    ../clib/microlib/longlong.c              0x00000000   Number         0  llsshr.o ABSOLUTE
    ../clib/microlib/longlong.c              0x00000000   Number         0  llushr.o ABSOLUTE
    ../clib/microlib/longlong.c              0x00000000   Number         0  llshl.o ABSOLUTE
    ../clib/microlib/printf/printf.c         0x00000000   Number         0  printfb.o ABSOLUTE
    ../clib/microlib/printf/printf.c         0x00000000   Number         0  printf0.o ABSOLUTE
    ../clib/microlib/printf/printf.c         0x00000000   Number         0  printf7.o ABSOLUTE
    ../clib/microlib/printf/printf.c         0x00000000   Number         0  printf6.o ABSOLUTE
    ../clib/microlib/printf/printf.c         0x00000000   Number         0  printf5.o ABSOLUTE
    ../clib/microlib/printf/printf.c         0x00000000   Number         0  printf2.o ABSOLUTE
    ../clib/microlib/printf/printf.c         0x00000000   Number         0  printf1.o ABSOLUTE
    ../clib/microlib/printf/printf.c         0x00000000   Number         0  printf4.o ABSOLUTE
    ../clib/microlib/printf/printf.c         0x00000000   Number         0  printf8.o ABSOLUTE
    ../clib/microlib/printf/printf.c         0x00000000   Number         0  printf3.o ABSOLUTE
    ../clib/microlib/printf/printf.c         0x00000000   Number         0  printfa.o ABSOLUTE
    ../clib/microlib/printf/stubs.s          0x00000000   Number         0  stubs.o ABSOLUTE
    ../clib/microlib/stdio/fputc.c           0x00000000   Number         0  fputc.o ABSOLUTE
    ../clib/microlib/stdio/semi.s            0x00000000   Number         0  semi.o ABSOLUTE
    ../clib/microlib/stdio/streams.c         0x00000000   Number         0  stdout.o ABSOLUTE
    ../clib/microlib/string/memcmp.c         0x00000000   Number         0  memcmp.o ABSOLUTE
    ../clib/microlib/string/memcpy.c         0x00000000   Number         0  memcpya.o ABSOLUTE
    ../clib/microlib/string/memcpy.c         0x00000000   Number         0  memcpyb.o ABSOLUTE
    ../clib/microlib/string/strchr.c         0x00000000   Number         0  strchr.o ABSOLUTE
    ../clib/microlib/string/strlen.c         0x00000000   Number         0  strlen.o ABSOLUTE
    ../clib/microlib/string/strncpy.c        0x00000000   Number         0  strncpy.o ABSOLUTE
    ../clib/microlib/string/strstr.c         0x00000000   Number         0  strstr.o ABSOLUTE
    ../clib/microlib/stubs.s                 0x00000000   Number         0  iusefp.o ABSOLUTE
    ../clib/microlib/stubs.s                 0x00000000   Number         0  iusesemip.o ABSOLUTE
    ../clib/scanf.c                          0x00000000   Number         0  atoi.o ABSOLUTE
    ../clib/scanf.c                          0x00000000   Number         0  _strtoul.o ABSOLUTE
    ../clib/scanf.c                          0x00000000   Number         0  _chval.o ABSOLUTE
    ../clib/scanf.c                          0x00000000   Number         0  strtol.o ABSOLUTE
    ../fplib/microlib/fpadd.c                0x00000000   Number         0  fadd.o ABSOLUTE
    ../fplib/microlib/fpadd.c                0x00000000   Number         0  dadd.o ABSOLUTE
    ../fplib/microlib/fpdiv.c                0x00000000   Number         0  ddiv.o ABSOLUTE
    ../fplib/microlib/fpdiv.c                0x00000000   Number         0  fdiv.o ABSOLUTE
    ../fplib/microlib/fpepilogue.c           0x00000000   Number         0  depilogue.o ABSOLUTE
    ../fplib/microlib/fpepilogue.c           0x00000000   Number         0  fepilogue.o ABSOLUTE
    ../fplib/microlib/fpfix.c                0x00000000   Number         0  dfixul.o ABSOLUTE
    ../fplib/microlib/fpflt.c                0x00000000   Number         0  fflti.o ABSOLUTE
    ../fplib/microlib/fpmul.c                0x00000000   Number         0  dmul.o ABSOLUTE
    ..\\firmware\\cmsis\\core\\core_cm3.c    0x00000000   Number         0  core_cm3.o ABSOLUTE
    ..\app\delay.c                           0x00000000   Number         0  delay.o ABSOLUTE
    ..\app\esp_usart.c                       0x00000000   Number         0  esp_usart.o ABSOLUTE
    ..\app\key.c                             0x00000000   Number         0  key.o ABSOLUTE
    ..\app\key_exti.c                        0x00000000   Number         0  key_exti.o ABSOLUTE
    ..\app\lcd_spi.c                         0x00000000   Number         0  lcd_spi.o ABSOLUTE
    ..\app\led.c                             0x00000000   Number         0  led.o ABSOLUTE
    ..\app\main.c                            0x00000000   Number         0  main.o ABSOLUTE
    ..\app\rtc.c                             0x00000000   Number         0  rtc.o ABSOLUTE
    ..\app\swi2c.c                           0x00000000   Number         0  swi2c.o ABSOLUTE
    ..\app\timer.c                           0x00000000   Number         0  timer.o ABSOLUTE
    ..\app\weather.c                         0x00000000   Number         0  weather.o ABSOLUTE
    ..\driver\esp_at\esp_at.c                0x00000000   Number         0  esp_at.o ABSOLUTE
    ..\driver\mpu6050\mpu6050.c              0x00000000   Number         0  mpu6050.o ABSOLUTE
    ..\driver\st7735\st7735.c                0x00000000   Number         0  st7735.o ABSOLUTE
    ..\driver\st7735\stfonts.c               0x00000000   Number         0  stfonts.o ABSOLUTE
    ..\driver\st7735\stimage.c               0x00000000   Number         0  stimage.o ABSOLUTE
    ..\firmware\cmsis\core\core_cm3.c        0x00000000   Number         0  core_cm3.o ABSOLUTE
    ..\firmware\cmsis\device\startup_stm32f10x_hd.s 0x00000000   Number         0  startup_stm32f10x_hd.o ABSOLUTE
    ..\firmware\cmsis\device\system_stm32f10x.c 0x00000000   Number         0  system_stm32f10x.o ABSOLUTE
    ..\firmware\driver\src\misc.c            0x00000000   Number         0  misc.o ABSOLUTE
    ..\firmware\driver\src\stm32f10x_adc.c   0x00000000   Number         0  stm32f10x_adc.o ABSOLUTE
    ..\firmware\driver\src\stm32f10x_bkp.c   0x00000000   Number         0  stm32f10x_bkp.o ABSOLUTE
    ..\firmware\driver\src\stm32f10x_can.c   0x00000000   Number         0  stm32f10x_can.o ABSOLUTE
    ..\firmware\driver\src\stm32f10x_cec.c   0x00000000   Number         0  stm32f10x_cec.o ABSOLUTE
    ..\firmware\driver\src\stm32f10x_crc.c   0x00000000   Number         0  stm32f10x_crc.o ABSOLUTE
    ..\firmware\driver\src\stm32f10x_dac.c   0x00000000   Number         0  stm32f10x_dac.o ABSOLUTE
    ..\firmware\driver\src\stm32f10x_dbgmcu.c 0x00000000   Number         0  stm32f10x_dbgmcu.o ABSOLUTE
    ..\firmware\driver\src\stm32f10x_dma.c   0x00000000   Number         0  stm32f10x_dma.o ABSOLUTE
    ..\firmware\driver\src\stm32f10x_exti.c  0x00000000   Number         0  stm32f10x_exti.o ABSOLUTE
    ..\firmware\driver\src\stm32f10x_flash.c 0x00000000   Number         0  stm32f10x_flash.o ABSOLUTE
    ..\firmware\driver\src\stm32f10x_fsmc.c  0x00000000   Number         0  stm32f10x_fsmc.o ABSOLUTE
    ..\firmware\driver\src\stm32f10x_gpio.c  0x00000000   Number         0  stm32f10x_gpio.o ABSOLUTE
    ..\firmware\driver\src\stm32f10x_i2c.c   0x00000000   Number         0  stm32f10x_i2c.o ABSOLUTE
    ..\firmware\driver\src\stm32f10x_iwdg.c  0x00000000   Number         0  stm32f10x_iwdg.o ABSOLUTE
    ..\firmware\driver\src\stm32f10x_pwr.c   0x00000000   Number         0  stm32f10x_pwr.o ABSOLUTE
    ..\firmware\driver\src\stm32f10x_rcc.c   0x00000000   Number         0  stm32f10x_rcc.o ABSOLUTE
    ..\firmware\driver\src\stm32f10x_rtc.c   0x00000000   Number         0  stm32f10x_rtc.o ABSOLUTE
    ..\firmware\driver\src\stm32f10x_sdio.c  0x00000000   Number         0  stm32f10x_sdio.o ABSOLUTE
    ..\firmware\driver\src\stm32f10x_spi.c   0x00000000   Number         0  stm32f10x_spi.o ABSOLUTE
    ..\firmware\driver\src\stm32f10x_tim.c   0x00000000   Number         0  stm32f10x_tim.o ABSOLUTE
    ..\firmware\driver\src\stm32f10x_usart.c 0x00000000   Number         0  stm32f10x_usart.o ABSOLUTE
    ..\firmware\driver\src\stm32f10x_wwdg.c  0x00000000   Number         0  stm32f10x_wwdg.o ABSOLUTE
    cdrcmple.s                               0x00000000   Number         0  cdrcmple.o ABSOLUTE
    dc.s                                     0x00000000   Number         0  dc.o ABSOLUTE
    handlers.s                               0x00000000   Number         0  handlers.o ABSOLUTE
    init.s                                   0x00000000   Number         0  init.o ABSOLUTE
    RESET                                    0x08000000   Section      304  startup_stm32f10x_hd.o(RESET)
    .ARM.Collect$$$$00000000                 0x08000130   Section        0  entry.o(.ARM.Collect$$$$00000000)
    .ARM.Collect$$$$00000001                 0x08000130   Section        4  entry2.o(.ARM.Collect$$$$00000001)
    .ARM.Collect$$$$00000004                 0x08000134   Section        4  entry5.o(.ARM.Collect$$$$00000004)
    .ARM.Collect$$$$00000008                 0x08000138   Section        0  entry7b.o(.ARM.Collect$$$$00000008)
    .ARM.Collect$$$$0000000A                 0x08000138   Section        0  entry8b.o(.ARM.Collect$$$$0000000A)
    .ARM.Collect$$$$0000000B                 0x08000138   Section        8  entry9a.o(.ARM.Collect$$$$0000000B)
    .ARM.Collect$$$$0000000D                 0x08000140   Section        0  entry10a.o(.ARM.Collect$$$$0000000D)
    .ARM.Collect$$$$0000000F                 0x08000140   Section        0  entry11a.o(.ARM.Collect$$$$0000000F)
    .ARM.Collect$$$$00002712                 0x08000140   Section        4  entry2.o(.ARM.Collect$$$$00002712)
    __lit__00000000                          0x08000140   Data           4  entry2.o(.ARM.Collect$$$$00002712)
    .text                                    0x08000144   Section       36  startup_stm32f10x_hd.o(.text)
    .text                                    0x08000168   Section        0  strstr.o(.text)
    .text                                    0x0800018c   Section        0  strncpy.o(.text)
    .text                                    0x080001a4   Section        0  strchr.o(.text)
    .text                                    0x080001b8   Section        0  strlen.o(.text)
    .text                                    0x080001c6   Section        0  memcmp.o(.text)
    .text                                    0x080001e0   Section        0  uidiv.o(.text)
    .text                                    0x0800020c   Section        0  uldiv.o(.text)
    .text                                    0x0800026e   Section        0  dadd.o(.text)
    .text                                    0x0800026e   Section        0  iusefp.o(.text)
    .text                                    0x080003bc   Section        0  dmul.o(.text)
    .text                                    0x080004a0   Section        0  ddiv.o(.text)
    .text                                    0x0800057e   Section        0  dfixul.o(.text)
    .text                                    0x080005b0   Section       48  cdrcmple.o(.text)
    .text                                    0x080005e0   Section       36  init.o(.text)
    .text                                    0x08000604   Section        0  llshl.o(.text)
    .text                                    0x08000622   Section        0  llushr.o(.text)
    .text                                    0x08000642   Section        0  llsshr.o(.text)
    .text                                    0x08000666   Section        0  depilogue.o(.text)
    i.BKP_DeInit                             0x08000720   Section        0  stm32f10x_bkp.o(i.BKP_DeInit)
    i.Board_LowLevel_Init                    0x08000730   Section        0  main.o(i.Board_LowLevel_Init)
    Board_LowLevel_Init                      0x08000731   Thumb Code   136  main.o(i.Board_LowLevel_Init)
    i.DMA1_Channel3_IRQHandler               0x080007b8   Section        0  lcd_spi.o(i.DMA1_Channel3_IRQHandler)
    i.DMA1_Channel4_IRQHandler               0x080007f4   Section        0  esp_usart.o(i.DMA1_Channel4_IRQHandler)
    i.DMA_ClearITPendingBit                  0x0800081c   Section        0  stm32f10x_dma.o(i.DMA_ClearITPendingBit)
    i.DMA_Cmd                                0x08000838   Section        0  stm32f10x_dma.o(i.DMA_Cmd)
    i.DMA_DeInit                             0x08000850   Section        0  stm32f10x_dma.o(i.DMA_DeInit)
    i.DMA_GetITStatus                        0x0800099c   Section        0  stm32f10x_dma.o(i.DMA_GetITStatus)
    i.DMA_ITConfig                           0x080009c8   Section        0  stm32f10x_dma.o(i.DMA_ITConfig)
    i.DMA_Init                               0x080009da   Section        0  stm32f10x_dma.o(i.DMA_Init)
    i.Delayms                                0x08000a16   Section        0  delay.o(i.Delayms)
    i.Delayus                                0x08000a30   Section        0  delay.o(i.Delayus)
    i.ESP_AT_Http_Get                        0x08000a70   Section        0  esp_at.o(i.ESP_AT_Http_Get)
    i.ESP_AT_Init                            0x08000ab8   Section        0  esp_at.o(i.ESP_AT_Init)
    i.ESP_AT_Reset                           0x08000ad8   Section        0  esp_at.o(i.ESP_AT_Reset)
    i.ESP_AT_Send_Cmd                        0x08000b48   Section        0  esp_at.o(i.ESP_AT_Send_Cmd)
    i.ESP_AT_Wifi_Connect                    0x08000bc0   Section        0  esp_at.o(i.ESP_AT_Wifi_Connect)
    i.ESP_AT_Wifi_Init                       0x08000c04   Section        0  esp_at.o(i.ESP_AT_Wifi_Init)
    i.ESP_USART2_GPIO_Init                   0x08000c2c   Section        0  esp_usart.o(i.ESP_USART2_GPIO_Init)
    ESP_USART2_GPIO_Init                     0x08000c2d   Thumb Code    56  esp_usart.o(i.ESP_USART2_GPIO_Init)
    i.ESP_USART2_Init                        0x08000c68   Section        0  esp_usart.o(i.ESP_USART2_Init)
    i.ESP_USART2_LowLevel_Init               0x08000c90   Section        0  esp_usart.o(i.ESP_USART2_LowLevel_Init)
    ESP_USART2_LowLevel_Init                 0x08000c91   Thumb Code    42  esp_usart.o(i.ESP_USART2_LowLevel_Init)
    i.ESP_USART2_NVIC_Init                   0x08000cc0   Section        0  esp_usart.o(i.ESP_USART2_NVIC_Init)
    ESP_USART2_NVIC_Init                     0x08000cc1   Thumb Code    34  esp_usart.o(i.ESP_USART2_NVIC_Init)
    i.ESP_USART2_Receive_Register            0x08000ce4   Section        0  esp_usart.o(i.ESP_USART2_Receive_Register)
    i.ESP_USART2_SendByte                    0x08000cf0   Section        0  esp_usart.o(i.ESP_USART2_SendByte)
    ESP_USART2_SendByte                      0x08000cf1   Thumb Code    28  esp_usart.o(i.ESP_USART2_SendByte)
    i.ESP_USART2_SendData                    0x08000d10   Section        0  esp_usart.o(i.ESP_USART2_SendData)
    i.ESP_USART2_SendString                  0x08000d2a   Section        0  esp_usart.o(i.ESP_USART2_SendString)
    i.EXTI4_IRQHandler                       0x08000d40   Section        0  key_exti.o(i.EXTI4_IRQHandler)
    i.EXTI_ClearITPendingBit                 0x08000d70   Section        0  stm32f10x_exti.o(i.EXTI_ClearITPendingBit)
    i.EXTI_GetITStatus                       0x08000d7c   Section        0  stm32f10x_exti.o(i.EXTI_GetITStatus)
    i.GPIO_Init                              0x08000da4   Section        0  stm32f10x_gpio.o(i.GPIO_Init)
    i.GPIO_ReadInputDataBit                  0x08000eba   Section        0  stm32f10x_gpio.o(i.GPIO_ReadInputDataBit)
    i.GPIO_ResetBits                         0x08000ecc   Section        0  stm32f10x_gpio.o(i.GPIO_ResetBits)
    i.GPIO_SetBits                           0x08000ed0   Section        0  stm32f10x_gpio.o(i.GPIO_SetBits)
    i.GPIO_WriteBit                          0x08000ed4   Section        0  stm32f10x_gpio.o(i.GPIO_WriteBit)
    i.Key_Pressed                            0x08000ee0   Section        0  key.o(i.Key_Pressed)
    i.Key_WaitRelease                        0x08000f14   Section        0  key.o(i.Key_WaitRelease)
    i.LCD_SPI_GPIO_Init                      0x08000f24   Section        0  lcd_spi.o(i.LCD_SPI_GPIO_Init)
    LCD_SPI_GPIO_Init                        0x08000f25   Thumb Code    40  lcd_spi.o(i.LCD_SPI_GPIO_Init)
    i.LCD_SPI_Init                           0x08000f50   Section        0  lcd_spi.o(i.LCD_SPI_Init)
    i.LCD_SPI_LowLevel_Init                  0x08000f60   Section        0  lcd_spi.o(i.LCD_SPI_LowLevel_Init)
    LCD_SPI_LowLevel_Init                    0x08000f61   Thumb Code    84  lcd_spi.o(i.LCD_SPI_LowLevel_Init)
    i.LCD_SPI_NVIC_Init                      0x08000fb8   Section        0  lcd_spi.o(i.LCD_SPI_NVIC_Init)
    LCD_SPI_NVIC_Init                        0x08000fb9   Thumb Code    32  lcd_spi.o(i.LCD_SPI_NVIC_Init)
    i.LCD_SPI_Send_Finish_Register           0x08000fd8   Section        0  lcd_spi.o(i.LCD_SPI_Send_Finish_Register)
    i.LCD_SPI_Write_Async                    0x08000fe4   Section        0  lcd_spi.o(i.LCD_SPI_Write_Async)
    i.LCD_SPI_Write_Sync                     0x08001048   Section        0  lcd_spi.o(i.LCD_SPI_Write_Sync)
    i.Led_Init                               0x08001084   Section        0  led.o(i.Led_Init)
    i.NVIC_Init                              0x080010b0   Section        0  misc.o(i.NVIC_Init)
    i.NVIC_PriorityGroupConfig               0x08001120   Section        0  misc.o(i.NVIC_PriorityGroupConfig)
    i.On_USART_Received                      0x08001134   Section        0  esp_at.o(i.On_USART_Received)
    On_USART_Received                        0x08001135   Thumb Code   172  esp_at.o(i.On_USART_Received)
    i.PWR_BackupAccessCmd                    0x08001200   Section        0  stm32f10x_pwr.o(i.PWR_BackupAccessCmd)
    i.RCC_AHBPeriphClockCmd                  0x0800120c   Section        0  stm32f10x_rcc.o(i.RCC_AHBPeriphClockCmd)
    i.RCC_APB1PeriphClockCmd                 0x0800122c   Section        0  stm32f10x_rcc.o(i.RCC_APB1PeriphClockCmd)
    i.RCC_APB2PeriphClockCmd                 0x0800124c   Section        0  stm32f10x_rcc.o(i.RCC_APB2PeriphClockCmd)
    i.RCC_BackupResetCmd                     0x0800126c   Section        0  stm32f10x_rcc.o(i.RCC_BackupResetCmd)
    i.RCC_GetClocksFreq                      0x08001278   Section        0  stm32f10x_rcc.o(i.RCC_GetClocksFreq)
    i.RCC_GetFlagStatus                      0x0800134c   Section        0  stm32f10x_rcc.o(i.RCC_GetFlagStatus)
    i.RCC_LSEConfig                          0x08001388   Section        0  stm32f10x_rcc.o(i.RCC_LSEConfig)
    i.RCC_RTCCLKCmd                          0x080013bc   Section        0  stm32f10x_rcc.o(i.RCC_RTCCLKCmd)
    i.RCC_RTCCLKConfig                       0x080013c8   Section        0  stm32f10x_rcc.o(i.RCC_RTCCLKConfig)
    i.RTC_EnterConfigMode                    0x080013d8   Section        0  stm32f10x_rtc.o(i.RTC_EnterConfigMode)
    i.RTC_ExitConfigMode                     0x080013ec   Section        0  stm32f10x_rtc.o(i.RTC_ExitConfigMode)
    i.RTC_Init                               0x08001400   Section        0  rtc.o(i.RTC_Init)
    i.RTC_SetPrescaler                       0x08001428   Section        0  stm32f10x_rtc.o(i.RTC_SetPrescaler)
    i.RTC_WaitForLastTask                    0x08001448   Section        0  stm32f10x_rtc.o(i.RTC_WaitForLastTask)
    i.RTC_WaitForSynchro                     0x0800145c   Section        0  stm32f10x_rtc.o(i.RTC_WaitForSynchro)
    i.SPI_Cmd                                0x08001480   Section        0  stm32f10x_spi.o(i.SPI_Cmd)
    i.SPI_I2S_DMACmd                         0x08001498   Section        0  stm32f10x_spi.o(i.SPI_I2S_DMACmd)
    i.SPI_I2S_GetFlagStatus                  0x080014aa   Section        0  stm32f10x_spi.o(i.SPI_I2S_GetFlagStatus)
    i.SPI_I2S_SendData                       0x080014bc   Section        0  stm32f10x_spi.o(i.SPI_I2S_SendData)
    i.SPI_Init                               0x080014c0   Section        0  stm32f10x_spi.o(i.SPI_Init)
    i.SPI_On_Async_Finish                    0x080014fc   Section        0  st7735.o(i.SPI_On_Async_Finish)
    SPI_On_Async_Finish                      0x080014fd   Thumb Code     8  st7735.o(i.SPI_On_Async_Finish)
    i.ST7735_Bl_On                           0x08001508   Section        0  st7735.o(i.ST7735_Bl_On)
    ST7735_Bl_On                             0x08001509   Thumb Code    12  st7735.o(i.ST7735_Bl_On)
    i.ST7735_Exec_Cmds                       0x08001518   Section        0  st7735.o(i.ST7735_Exec_Cmds)
    ST7735_Exec_Cmds                         0x08001519   Thumb Code    64  st7735.o(i.ST7735_Exec_Cmds)
    i.ST7735_Fill_Rect                       0x08001558   Section        0  st7735.o(i.ST7735_Fill_Rect)
    i.ST7735_Fill_Screen                     0x08001620   Section        0  st7735.o(i.ST7735_Fill_Screen)
    i.ST7735_GPIO_Init                       0x08001634   Section        0  st7735.o(i.ST7735_GPIO_Init)
    ST7735_GPIO_Init                         0x08001635   Thumb Code   110  st7735.o(i.ST7735_GPIO_Init)
    i.ST7735_Init                            0x080016b0   Section        0  st7735.o(i.ST7735_Init)
    i.ST7735_Reset                           0x080016e0   Section        0  st7735.o(i.ST7735_Reset)
    ST7735_Reset                             0x080016e1   Thumb Code    32  st7735.o(i.ST7735_Reset)
    i.ST7735_Select                          0x08001704   Section        0  st7735.o(i.ST7735_Select)
    ST7735_Select                            0x08001705   Thumb Code    12  st7735.o(i.ST7735_Select)
    i.ST7735_Set_Window                      0x08001714   Section        0  st7735.o(i.ST7735_Set_Window)
    ST7735_Set_Window                        0x08001715   Thumb Code    82  st7735.o(i.ST7735_Set_Window)
    i.ST7735_Unselect                        0x08001768   Section        0  st7735.o(i.ST7735_Unselect)
    ST7735_Unselect                          0x08001769   Thumb Code    12  st7735.o(i.ST7735_Unselect)
    i.ST7735_Write_Char                      0x08001778   Section        0  st7735.o(i.ST7735_Write_Char)
    i.ST7735_Write_Cmd                       0x08001830   Section        0  st7735.o(i.ST7735_Write_Cmd)
    ST7735_Write_Cmd                         0x08001831   Thumb Code    20  st7735.o(i.ST7735_Write_Cmd)
    i.ST7735_Write_Data                      0x08001848   Section        0  st7735.o(i.ST7735_Write_Data)
    ST7735_Write_Data                        0x08001849   Thumb Code    40  st7735.o(i.ST7735_Write_Data)
    i.ST7735_Write_String                    0x08001878   Section        0  st7735.o(i.ST7735_Write_String)
    i.SetSysClock                            0x08001906   Section        0  system_stm32f10x.o(i.SetSysClock)
    SetSysClock                              0x08001907   Thumb Code     8  system_stm32f10x.o(i.SetSysClock)
    i.SetSysClockTo72                        0x08001910   Section        0  system_stm32f10x.o(i.SetSysClockTo72)
    SetSysClockTo72                          0x08001911   Thumb Code   214  system_stm32f10x.o(i.SetSysClockTo72)
    i.SystemInit                             0x080019f0   Section        0  system_stm32f10x.o(i.SystemInit)
    i.TIM2_IRQHandler                        0x08001a50   Section        0  timer.o(i.TIM2_IRQHandler)
    i.TIM_ClearITPendingBit                  0x08001a78   Section        0  stm32f10x_tim.o(i.TIM_ClearITPendingBit)
    i.TIM_GetITStatus                        0x08001a7e   Section        0  stm32f10x_tim.o(i.TIM_GetITStatus)
    i.USART2_IRQHandler                      0x08001aa0   Section        0  esp_usart.o(i.USART2_IRQHandler)
    i.USART_Cmd                              0x08001ad4   Section        0  stm32f10x_usart.o(i.USART_Cmd)
    i.USART_GetFlagStatus                    0x08001aec   Section        0  stm32f10x_usart.o(i.USART_GetFlagStatus)
    i.USART_GetITStatus                      0x08001b06   Section        0  stm32f10x_usart.o(i.USART_GetITStatus)
    i.USART_ITConfig                         0x08001b5a   Section        0  stm32f10x_usart.o(i.USART_ITConfig)
    i.USART_Init                             0x08001ba4   Section        0  stm32f10x_usart.o(i.USART_Init)
    i.USART_ReceiveData                      0x08001c7c   Section        0  stm32f10x_usart.o(i.USART_ReceiveData)
    i.USART_SendData                         0x08001c86   Section        0  stm32f10x_usart.o(i.USART_SendData)
    i.__0snprintf                            0x08001c90   Section        0  printfa.o(i.__0snprintf)
    i.__scatterload_copy                     0x08001cb8   Section       14  handlers.o(i.__scatterload_copy)
    i.__scatterload_null                     0x08001cc6   Section        2  handlers.o(i.__scatterload_null)
    i.__scatterload_zeroinit                 0x08001cc8   Section       14  handlers.o(i.__scatterload_zeroinit)
    i._fp_digits                             0x08001cd8   Section        0  printfa.o(i._fp_digits)
    _fp_digits                               0x08001cd9   Thumb Code   334  printfa.o(i._fp_digits)
    i._printf_core                           0x08001e3c   Section        0  printfa.o(i._printf_core)
    _printf_core                             0x08001e3d   Thumb Code  1744  printfa.o(i._printf_core)
    i._printf_post_padding                   0x08002518   Section        0  printfa.o(i._printf_post_padding)
    _printf_post_padding                     0x08002519   Thumb Code    36  printfa.o(i._printf_post_padding)
    i._printf_pre_padding                    0x0800253c   Section        0  printfa.o(i._printf_pre_padding)
    _printf_pre_padding                      0x0800253d   Thumb Code    46  printfa.o(i._printf_pre_padding)
    i._snputc                                0x0800256a   Section        0  printfa.o(i._snputc)
    _snputc                                  0x0800256b   Thumb Code    22  printfa.o(i._snputc)
    i.main                                   0x08002580   Section        0  main.o(i.main)
    i.weather_parse                          0x08002634   Section        0  weather.o(i.weather_parse)
    .constdata                               0x080026d4   Section      109  st7735.o(.constdata)
    init_cmd_list                            0x080026d4   Data         109  st7735.o(.constdata)
    .constdata                               0x08002741   Section     2176  stfonts.o(.constdata)
    font_ascii_8x16_data                     0x08002741   Data        2048  stfonts.o(.constdata)
    font_ni_hao_shi_jie_16x16_data           0x08002f41   Data         128  stfonts.o(.constdata)
    .conststring                             0x08002fc4   Section      124  main.o(.conststring)
    .data                                    0x20000000   Section       12  main.o(.data)
    wifi_ssid                                0x20000000   Data           4  main.o(.data)
    wifi_password                            0x20000004   Data           4  main.o(.data)
    weather_url                              0x20000008   Data           4  main.o(.data)
    .data                                    0x2000000c   Section        4  key_exti.o(.data)
    key_press_callback                       0x2000000c   Data           4  key_exti.o(.data)
    .data                                    0x20000010   Section        4  lcd_spi.o(.data)
    lcd_spi_send_finish_callback             0x20000010   Data           4  lcd_spi.o(.data)
    .data                                    0x20000014   Section       12  esp_usart.o(.data)
    esp_usart_receive_callback               0x20000018   Data           4  esp_usart.o(.data)
    esp_usart_send_finish_callback           0x2000001c   Data           4  esp_usart.o(.data)
    .data                                    0x20000020   Section        4  timer.o(.data)
    timer_elapsed_callback                   0x20000020   Data           4  timer.o(.data)
    .data                                    0x20000024   Section        6  esp_at.o(.data)
    at_rxLen                                 0x20000024   Data           4  esp_at.o(.data)
    at_rxReady                               0x20000028   Data           1  esp_at.o(.data)
    at_rxResult                              0x20000029   Data           1  esp_at.o(.data)
    .data                                    0x2000002a   Section        1  st7735.o(.data)
    spi_async_done                           0x2000002a   Data           1  st7735.o(.data)
    .data                                    0x2000002c   Section       24  stfonts.o(.data)
    .data                                    0x20000044   Section       20  system_stm32f10x.o(.data)
    .data                                    0x20000058   Section       20  stm32f10x_rcc.o(.data)
    APBAHBPrescTable                         0x20000058   Data          16  stm32f10x_rcc.o(.data)
    ADCPrescTable                            0x20000068   Data           4  stm32f10x_rcc.o(.data)
    .bss                                     0x2000006c   Section     4096  esp_at.o(.bss)
    at_rxBuf                                 0x2000006c   Data        4096  esp_at.o(.bss)
    .bss                                     0x2000106c   Section     4096  st7735.o(.bss)
    gram_buff                                0x2000106c   Data        4096  st7735.o(.bss)
    STACK                                    0x20002070   Section     1024  startup_stm32f10x_hd.o(STACK)

    Global Symbols

    Symbol Name                              Value     Ov Type        Size  Object(Section)

    BuildAttributes$$THM_ISAv4$P$D$K$B$S$PE$A:L22UL41UL21$X:L11$S22US41US21$IEEE1$IW$USESV6$~STKCKD$USESV7$~SHL$OTIME$ROPI$EBA8$MICROLIB$REQ8$PRES8$EABIv2 0x00000000   Number         0  anon$$obj.o ABSOLUTE
    __ARM_use_no_argv                        0x00000000   Number         0  main.o ABSOLUTE
    _printf_a                                0x00000000   Number         0  stubs.o ABSOLUTE
    _printf_c                                0x00000000   Number         0  stubs.o ABSOLUTE
    _printf_charcount                        0x00000000   Number         0  stubs.o ABSOLUTE
    _printf_d                                0x00000000   Number         0  stubs.o ABSOLUTE
    _printf_e                                0x00000000   Number         0  stubs.o ABSOLUTE
    _printf_f                                0x00000000   Number         0  stubs.o ABSOLUTE
    _printf_flags                            0x00000000   Number         0  stubs.o ABSOLUTE
    _printf_fp_dec                           0x00000000   Number         0  stubs.o ABSOLUTE
    _printf_fp_hex                           0x00000000   Number         0  stubs.o ABSOLUTE
    _printf_g                                0x00000000   Number         0  stubs.o ABSOLUTE
    _printf_i                                0x00000000   Number         0  stubs.o ABSOLUTE
    _printf_int_dec                          0x00000000   Number         0  stubs.o ABSOLUTE
    _printf_l                                0x00000000   Number         0  stubs.o ABSOLUTE
    _printf_lc                               0x00000000   Number         0  stubs.o ABSOLUTE
    _printf_ll                               0x00000000   Number         0  stubs.o ABSOLUTE
    _printf_lld                              0x00000000   Number         0  stubs.o ABSOLUTE
    _printf_lli                              0x00000000   Number         0  stubs.o ABSOLUTE
    _printf_llo                              0x00000000   Number         0  stubs.o ABSOLUTE
    _printf_llu                              0x00000000   Number         0  stubs.o ABSOLUTE
    _printf_llx                              0x00000000   Number         0  stubs.o ABSOLUTE
    _printf_longlong_dec                     0x00000000   Number         0  stubs.o ABSOLUTE
    _printf_longlong_hex                     0x00000000   Number         0  stubs.o ABSOLUTE
    _printf_longlong_oct                     0x00000000   Number         0  stubs.o ABSOLUTE
    _printf_ls                               0x00000000   Number         0  stubs.o ABSOLUTE
    _printf_mbtowc                           0x00000000   Number         0  stubs.o ABSOLUTE
    _printf_n                                0x00000000   Number         0  stubs.o ABSOLUTE
    _printf_o                                0x00000000   Number         0  stubs.o ABSOLUTE
    _printf_p                                0x00000000   Number         0  stubs.o ABSOLUTE
    _printf_percent                          0x00000000   Number         0  stubs.o ABSOLUTE
    _printf_pre_padding                      0x00000000   Number         0  stubs.o ABSOLUTE
    _printf_return_value                     0x00000000   Number         0  stubs.o ABSOLUTE
    _printf_s                                0x00000000   Number         0  stubs.o ABSOLUTE
    _printf_sizespec                         0x00000000   Number         0  stubs.o ABSOLUTE
    _printf_str                              0x00000000   Number         0  stubs.o ABSOLUTE
    _printf_truncate_signed                  0x00000000   Number         0  stubs.o ABSOLUTE
    _printf_truncate_unsigned                0x00000000   Number         0  stubs.o ABSOLUTE
    _printf_u                                0x00000000   Number         0  stubs.o ABSOLUTE
    _printf_wc                               0x00000000   Number         0  stubs.o ABSOLUTE
    _printf_wctomb                           0x00000000   Number         0  stubs.o ABSOLUTE
    _printf_widthprec                        0x00000000   Number         0  stubs.o ABSOLUTE
    _printf_x                                0x00000000   Number         0  stubs.o ABSOLUTE
    __cpp_initialize__aeabi_                  - Undefined Weak Reference
    __cxa_finalize                            - Undefined Weak Reference
    __decompress                              - Undefined Weak Reference
    _clock_init                               - Undefined Weak Reference
    _microlib_exit                            - Undefined Weak Reference
    __Vectors_Size                           0x00000130   Number         0  startup_stm32f10x_hd.o ABSOLUTE
    __Vectors                                0x08000000   Data           4  startup_stm32f10x_hd.o(RESET)
    __Vectors_End                            0x08000130   Data           0  startup_stm32f10x_hd.o(RESET)
    __main                                   0x08000131   Thumb Code     0  entry.o(.ARM.Collect$$$$00000000)
    _main_stk                                0x08000131   Thumb Code     0  entry2.o(.ARM.Collect$$$$00000001)
    _main_scatterload                        0x08000135   Thumb Code     0  entry5.o(.ARM.Collect$$$$00000004)
    __main_after_scatterload                 0x08000139   Thumb Code     0  entry5.o(.ARM.Collect$$$$00000004)
    _main_clock                              0x08000139   Thumb Code     0  entry7b.o(.ARM.Collect$$$$00000008)
    _main_cpp_init                           0x08000139   Thumb Code     0  entry8b.o(.ARM.Collect$$$$0000000A)
    _main_init                               0x08000139   Thumb Code     0  entry9a.o(.ARM.Collect$$$$0000000B)
    __rt_final_cpp                           0x08000141   Thumb Code     0  entry10a.o(.ARM.Collect$$$$0000000D)
    __rt_final_exit                          0x08000141   Thumb Code     0  entry11a.o(.ARM.Collect$$$$0000000F)
    Reset_Handler                            0x08000145   Thumb Code     8  startup_stm32f10x_hd.o(.text)
    NMI_Handler                              0x0800014d   Thumb Code     2  startup_stm32f10x_hd.o(.text)
    HardFault_Handler                        0x0800014f   Thumb Code     2  startup_stm32f10x_hd.o(.text)
    MemManage_Handler                        0x08000151   Thumb Code     2  startup_stm32f10x_hd.o(.text)
    BusFault_Handler                         0x08000153   Thumb Code     2  startup_stm32f10x_hd.o(.text)
    UsageFault_Handler                       0x08000155   Thumb Code     2  startup_stm32f10x_hd.o(.text)
    SVC_Handler                              0x08000157   Thumb Code     2  startup_stm32f10x_hd.o(.text)
    DebugMon_Handler                         0x08000159   Thumb Code     2  startup_stm32f10x_hd.o(.text)
    PendSV_Handler                           0x0800015b   Thumb Code     2  startup_stm32f10x_hd.o(.text)
    SysTick_Handler                          0x0800015d   Thumb Code     2  startup_stm32f10x_hd.o(.text)
    ADC1_2_IRQHandler                        0x0800015f   Thumb Code     0  startup_stm32f10x_hd.o(.text)
    ADC3_IRQHandler                          0x0800015f   Thumb Code     0  startup_stm32f10x_hd.o(.text)
    CAN1_RX1_IRQHandler                      0x0800015f   Thumb Code     0  startup_stm32f10x_hd.o(.text)
    CAN1_SCE_IRQHandler                      0x0800015f   Thumb Code     0  startup_stm32f10x_hd.o(.text)
    DMA1_Channel1_IRQHandler                 0x0800015f   Thumb Code     0  startup_stm32f10x_hd.o(.text)
    DMA1_Channel2_IRQHandler                 0x0800015f   Thumb Code     0  startup_stm32f10x_hd.o(.text)
    DMA1_Channel5_IRQHandler                 0x0800015f   Thumb Code     0  startup_stm32f10x_hd.o(.text)
    DMA1_Channel6_IRQHandler                 0x0800015f   Thumb Code     0  startup_stm32f10x_hd.o(.text)
    DMA1_Channel7_IRQHandler                 0x0800015f   Thumb Code     0  startup_stm32f10x_hd.o(.text)
    DMA2_Channel1_IRQHandler                 0x0800015f   Thumb Code     0  startup_stm32f10x_hd.o(.text)
    DMA2_Channel2_IRQHandler                 0x0800015f   Thumb Code     0  startup_stm32f10x_hd.o(.text)
    DMA2_Channel3_IRQHandler                 0x0800015f   Thumb Code     0  startup_stm32f10x_hd.o(.text)
    DMA2_Channel4_5_IRQHandler               0x0800015f   Thumb Code     0  startup_stm32f10x_hd.o(.text)
    EXTI0_IRQHandler                         0x0800015f   Thumb Code     0  startup_stm32f10x_hd.o(.text)
    EXTI15_10_IRQHandler                     0x0800015f   Thumb Code     0  startup_stm32f10x_hd.o(.text)
    EXTI1_IRQHandler                         0x0800015f   Thumb Code     0  startup_stm32f10x_hd.o(.text)
    EXTI2_IRQHandler                         0x0800015f   Thumb Code     0  startup_stm32f10x_hd.o(.text)
    EXTI3_IRQHandler                         0x0800015f   Thumb Code     0  startup_stm32f10x_hd.o(.text)
    EXTI9_5_IRQHandler                       0x0800015f   Thumb Code     0  startup_stm32f10x_hd.o(.text)
    FLASH_IRQHandler                         0x0800015f   Thumb Code     0  startup_stm32f10x_hd.o(.text)
    FSMC_IRQHandler                          0x0800015f   Thumb Code     0  startup_stm32f10x_hd.o(.text)
    I2C1_ER_IRQHandler                       0x0800015f   Thumb Code     0  startup_stm32f10x_hd.o(.text)
    I2C1_EV_IRQHandler                       0x0800015f   Thumb Code     0  startup_stm32f10x_hd.o(.text)
    I2C2_ER_IRQHandler                       0x0800015f   Thumb Code     0  startup_stm32f10x_hd.o(.text)
    I2C2_EV_IRQHandler                       0x0800015f   Thumb Code     0  startup_stm32f10x_hd.o(.text)
    PVD_IRQHandler                           0x0800015f   Thumb Code     0  startup_stm32f10x_hd.o(.text)
    RCC_IRQHandler                           0x0800015f   Thumb Code     0  startup_stm32f10x_hd.o(.text)
    RTCAlarm_IRQHandler                      0x0800015f   Thumb Code     0  startup_stm32f10x_hd.o(.text)
    RTC_IRQHandler                           0x0800015f   Thumb Code     0  startup_stm32f10x_hd.o(.text)
    SDIO_IRQHandler                          0x0800015f   Thumb Code     0  startup_stm32f10x_hd.o(.text)
    SPI1_IRQHandler                          0x0800015f   Thumb Code     0  startup_stm32f10x_hd.o(.text)
    SPI2_IRQHandler                          0x0800015f   Thumb Code     0  startup_stm32f10x_hd.o(.text)
    SPI3_IRQHandler                          0x0800015f   Thumb Code     0  startup_stm32f10x_hd.o(.text)
    TAMPER_IRQHandler                        0x0800015f   Thumb Code     0  startup_stm32f10x_hd.o(.text)
    TIM1_BRK_IRQHandler                      0x0800015f   Thumb Code     0  startup_stm32f10x_hd.o(.text)
    TIM1_CC_IRQHandler                       0x0800015f   Thumb Code     0  startup_stm32f10x_hd.o(.text)
    TIM1_TRG_COM_IRQHandler                  0x0800015f   Thumb Code     0  startup_stm32f10x_hd.o(.text)
    TIM1_UP_IRQHandler                       0x0800015f   Thumb Code     0  startup_stm32f10x_hd.o(.text)
    TIM3_IRQHandler                          0x0800015f   Thumb Code     0  startup_stm32f10x_hd.o(.text)
    TIM4_IRQHandler                          0x0800015f   Thumb Code     0  startup_stm32f10x_hd.o(.text)
    TIM5_IRQHandler                          0x0800015f   Thumb Code     0  startup_stm32f10x_hd.o(.text)
    TIM6_IRQHandler                          0x0800015f   Thumb Code     0  startup_stm32f10x_hd.o(.text)
    TIM7_IRQHandler                          0x0800015f   Thumb Code     0  startup_stm32f10x_hd.o(.text)
    TIM8_BRK_IRQHandler                      0x0800015f   Thumb Code     0  startup_stm32f10x_hd.o(.text)
    TIM8_CC_IRQHandler                       0x0800015f   Thumb Code     0  startup_stm32f10x_hd.o(.text)
    TIM8_TRG_COM_IRQHandler                  0x0800015f   Thumb Code     0  startup_stm32f10x_hd.o(.text)
    TIM8_UP_IRQHandler                       0x0800015f   Thumb Code     0  startup_stm32f10x_hd.o(.text)
    UART4_IRQHandler                         0x0800015f   Thumb Code     0  startup_stm32f10x_hd.o(.text)
    UART5_IRQHandler                         0x0800015f   Thumb Code     0  startup_stm32f10x_hd.o(.text)
    USART1_IRQHandler                        0x0800015f   Thumb Code     0  startup_stm32f10x_hd.o(.text)
    USART3_IRQHandler                        0x0800015f   Thumb Code     0  startup_stm32f10x_hd.o(.text)
    USBWakeUp_IRQHandler                     0x0800015f   Thumb Code     0  startup_stm32f10x_hd.o(.text)
    USB_HP_CAN1_TX_IRQHandler                0x0800015f   Thumb Code     0  startup_stm32f10x_hd.o(.text)
    USB_LP_CAN1_RX0_IRQHandler               0x0800015f   Thumb Code     0  startup_stm32f10x_hd.o(.text)
    WWDG_IRQHandler                          0x0800015f   Thumb Code     0  startup_stm32f10x_hd.o(.text)
    strstr                                   0x08000169   Thumb Code    36  strstr.o(.text)
    strncpy                                  0x0800018d   Thumb Code    24  strncpy.o(.text)
    strchr                                   0x080001a5   Thumb Code    20  strchr.o(.text)
    strlen                                   0x080001b9   Thumb Code    14  strlen.o(.text)
    memcmp                                   0x080001c7   Thumb Code    26  memcmp.o(.text)
    __aeabi_uidiv                            0x080001e1   Thumb Code     0  uidiv.o(.text)
    __aeabi_uidivmod                         0x080001e1   Thumb Code    44  uidiv.o(.text)
    __aeabi_uldivmod                         0x0800020d   Thumb Code    98  uldiv.o(.text)
    __I$use$fp                               0x0800026f   Thumb Code     0  iusefp.o(.text)
    __aeabi_dadd                             0x0800026f   Thumb Code   322  dadd.o(.text)
    __aeabi_dsub                             0x080003b1   Thumb Code     6  dadd.o(.text)
    __aeabi_drsub                            0x080003b7   Thumb Code     6  dadd.o(.text)
    __aeabi_dmul                             0x080003bd   Thumb Code   228  dmul.o(.text)
    __aeabi_ddiv                             0x080004a1   Thumb Code   222  ddiv.o(.text)
    __aeabi_d2ulz                            0x0800057f   Thumb Code    48  dfixul.o(.text)
    __aeabi_cdrcmple                         0x080005b1   Thumb Code    48  cdrcmple.o(.text)
    __scatterload                            0x080005e1   Thumb Code    28  init.o(.text)
    __scatterload_rt2                        0x080005e1   Thumb Code     0  init.o(.text)
    __aeabi_llsl                             0x08000605   Thumb Code    30  llshl.o(.text)
    _ll_shift_l                              0x08000605   Thumb Code     0  llshl.o(.text)
    __aeabi_llsr                             0x08000623   Thumb Code    32  llushr.o(.text)
    _ll_ushift_r                             0x08000623   Thumb Code     0  llushr.o(.text)
    __aeabi_lasr                             0x08000643   Thumb Code    36  llsshr.o(.text)
    _ll_sshift_r                             0x08000643   Thumb Code     0  llsshr.o(.text)
    _double_round                            0x08000667   Thumb Code    30  depilogue.o(.text)
    _double_epilogue                         0x08000685   Thumb Code   156  depilogue.o(.text)
    BKP_DeInit                               0x08000721   Thumb Code    16  stm32f10x_bkp.o(i.BKP_DeInit)
    DMA1_Channel3_IRQHandler                 0x080007b9   Thumb Code    50  lcd_spi.o(i.DMA1_Channel3_IRQHandler)
    DMA1_Channel4_IRQHandler                 0x080007f5   Thumb Code    36  esp_usart.o(i.DMA1_Channel4_IRQHandler)
    DMA_ClearITPendingBit                    0x0800081d   Thumb Code    18  stm32f10x_dma.o(i.DMA_ClearITPendingBit)
    DMA_Cmd                                  0x08000839   Thumb Code    24  stm32f10x_dma.o(i.DMA_Cmd)
    DMA_DeInit                               0x08000851   Thumb Code   324  stm32f10x_dma.o(i.DMA_DeInit)
    DMA_GetITStatus                          0x0800099d   Thumb Code    36  stm32f10x_dma.o(i.DMA_GetITStatus)
    DMA_ITConfig                             0x080009c9   Thumb Code    18  stm32f10x_dma.o(i.DMA_ITConfig)
    DMA_Init                                 0x080009db   Thumb Code    60  stm32f10x_dma.o(i.DMA_Init)
    Delayms                                  0x08000a17   Thumb Code    24  delay.o(i.Delayms)
    Delayus                                  0x08000a31   Thumb Code    54  delay.o(i.Delayus)
    ESP_AT_Http_Get                          0x08000a71   Thumb Code    50  esp_at.o(i.ESP_AT_Http_Get)
    ESP_AT_Init                              0x08000ab9   Thumb Code    24  esp_at.o(i.ESP_AT_Init)
    ESP_AT_Reset                             0x08000ad9   Thumb Code    74  esp_at.o(i.ESP_AT_Reset)
    ESP_AT_Send_Cmd                          0x08000b49   Thumb Code   100  esp_at.o(i.ESP_AT_Send_Cmd)
    ESP_AT_Wifi_Connect                      0x08000bc1   Thumb Code    48  esp_at.o(i.ESP_AT_Wifi_Connect)
    ESP_AT_Wifi_Init                         0x08000c05   Thumb Code    26  esp_at.o(i.ESP_AT_Wifi_Init)
    ESP_USART2_Init                          0x08000c69   Thumb Code    36  esp_usart.o(i.ESP_USART2_Init)
    ESP_USART2_Receive_Register              0x08000ce5   Thumb Code     6  esp_usart.o(i.ESP_USART2_Receive_Register)
    ESP_USART2_SendData                      0x08000d11   Thumb Code    26  esp_usart.o(i.ESP_USART2_SendData)
    ESP_USART2_SendString                    0x08000d2b   Thumb Code    22  esp_usart.o(i.ESP_USART2_SendString)
    EXTI4_IRQHandler                         0x08000d41   Thumb Code    42  key_exti.o(i.EXTI4_IRQHandler)
    EXTI_ClearITPendingBit                   0x08000d71   Thumb Code     6  stm32f10x_exti.o(i.EXTI_ClearITPendingBit)
    EXTI_GetITStatus                         0x08000d7d   Thumb Code    34  stm32f10x_exti.o(i.EXTI_GetITStatus)
    GPIO_Init                                0x08000da5   Thumb Code   278  stm32f10x_gpio.o(i.GPIO_Init)
    GPIO_ReadInputDataBit                    0x08000ebb   Thumb Code    18  stm32f10x_gpio.o(i.GPIO_ReadInputDataBit)
    GPIO_ResetBits                           0x08000ecd   Thumb Code     4  stm32f10x_gpio.o(i.GPIO_ResetBits)
    GPIO_SetBits                             0x08000ed1   Thumb Code     4  stm32f10x_gpio.o(i.GPIO_SetBits)
    GPIO_WriteBit                            0x08000ed5   Thumb Code    10  stm32f10x_gpio.o(i.GPIO_WriteBit)
    Key_Pressed                              0x08000ee1   Thumb Code    46  key.o(i.Key_Pressed)
    Key_WaitRelease                          0x08000f15   Thumb Code    14  key.o(i.Key_WaitRelease)
    LCD_SPI_Init                             0x08000f51   Thumb Code    16  lcd_spi.o(i.LCD_SPI_Init)
    LCD_SPI_Send_Finish_Register             0x08000fd9   Thumb Code     6  lcd_spi.o(i.LCD_SPI_Send_Finish_Register)
    LCD_SPI_Write_Async                      0x08000fe5   Thumb Code    90  lcd_spi.o(i.LCD_SPI_Write_Async)
    LCD_SPI_Write_Sync                       0x08001049   Thumb Code    56  lcd_spi.o(i.LCD_SPI_Write_Sync)
    Led_Init                                 0x08001085   Thumb Code    38  led.o(i.Led_Init)
    NVIC_Init                                0x080010b1   Thumb Code   100  misc.o(i.NVIC_Init)
    NVIC_PriorityGroupConfig                 0x08001121   Thumb Code    10  misc.o(i.NVIC_PriorityGroupConfig)
    PWR_BackupAccessCmd                      0x08001201   Thumb Code     6  stm32f10x_pwr.o(i.PWR_BackupAccessCmd)
    RCC_AHBPeriphClockCmd                    0x0800120d   Thumb Code    26  stm32f10x_rcc.o(i.RCC_AHBPeriphClockCmd)
    RCC_APB1PeriphClockCmd                   0x0800122d   Thumb Code    26  stm32f10x_rcc.o(i.RCC_APB1PeriphClockCmd)
    RCC_APB2PeriphClockCmd                   0x0800124d   Thumb Code    26  stm32f10x_rcc.o(i.RCC_APB2PeriphClockCmd)
    RCC_BackupResetCmd                       0x0800126d   Thumb Code     6  stm32f10x_rcc.o(i.RCC_BackupResetCmd)
    RCC_GetClocksFreq                        0x08001279   Thumb Code   192  stm32f10x_rcc.o(i.RCC_GetClocksFreq)
    RCC_GetFlagStatus                        0x0800134d   Thumb Code    56  stm32f10x_rcc.o(i.RCC_GetFlagStatus)
    RCC_LSEConfig                            0x08001389   Thumb Code    46  stm32f10x_rcc.o(i.RCC_LSEConfig)
    RCC_RTCCLKCmd                            0x080013bd   Thumb Code     6  stm32f10x_rcc.o(i.RCC_RTCCLKCmd)
    RCC_RTCCLKConfig                         0x080013c9   Thumb Code    12  stm32f10x_rcc.o(i.RCC_RTCCLKConfig)
    RTC_EnterConfigMode                      0x080013d9   Thumb Code    14  stm32f10x_rtc.o(i.RTC_EnterConfigMode)
    RTC_ExitConfigMode                       0x080013ed   Thumb Code    16  stm32f10x_rtc.o(i.RTC_ExitConfigMode)
    RTC_Init                                 0x08001401   Thumb Code    38  rtc.o(i.RTC_Init)
    RTC_SetPrescaler                         0x08001429   Thumb Code    26  stm32f10x_rtc.o(i.RTC_SetPrescaler)
    RTC_WaitForLastTask                      0x08001449   Thumb Code    16  stm32f10x_rtc.o(i.RTC_WaitForLastTask)
    RTC_WaitForSynchro                       0x0800145d   Thumb Code    30  stm32f10x_rtc.o(i.RTC_WaitForSynchro)
    SPI_Cmd                                  0x08001481   Thumb Code    24  stm32f10x_spi.o(i.SPI_Cmd)
    SPI_I2S_DMACmd                           0x08001499   Thumb Code    18  stm32f10x_spi.o(i.SPI_I2S_DMACmd)
    SPI_I2S_GetFlagStatus                    0x080014ab   Thumb Code    18  stm32f10x_spi.o(i.SPI_I2S_GetFlagStatus)
    SPI_I2S_SendData                         0x080014bd   Thumb Code     4  stm32f10x_spi.o(i.SPI_I2S_SendData)
    SPI_Init                                 0x080014c1   Thumb Code    60  stm32f10x_spi.o(i.SPI_Init)
    ST7735_Fill_Rect                         0x08001559   Thumb Code   196  st7735.o(i.ST7735_Fill_Rect)
    ST7735_Fill_Screen                       0x08001621   Thumb Code    20  st7735.o(i.ST7735_Fill_Screen)
    ST7735_Init                              0x080016b1   Thumb Code    40  st7735.o(i.ST7735_Init)
    ST7735_Write_Char                        0x08001779   Thumb Code   180  st7735.o(i.ST7735_Write_Char)
    ST7735_Write_String                      0x08001879   Thumb Code   142  st7735.o(i.ST7735_Write_String)
    SystemInit                               0x080019f1   Thumb Code    78  system_stm32f10x.o(i.SystemInit)
    TIM2_IRQHandler                          0x08001a51   Thumb Code    34  timer.o(i.TIM2_IRQHandler)
    TIM_ClearITPendingBit                    0x08001a79   Thumb Code     6  stm32f10x_tim.o(i.TIM_ClearITPendingBit)
    TIM_GetITStatus                          0x08001a7f   Thumb Code    34  stm32f10x_tim.o(i.TIM_GetITStatus)
    USART2_IRQHandler                        0x08001aa1   Thumb Code    42  esp_usart.o(i.USART2_IRQHandler)
    USART_Cmd                                0x08001ad5   Thumb Code    24  stm32f10x_usart.o(i.USART_Cmd)
    USART_GetFlagStatus                      0x08001aed   Thumb Code    26  stm32f10x_usart.o(i.USART_GetFlagStatus)
    USART_GetITStatus                        0x08001b07   Thumb Code    84  stm32f10x_usart.o(i.USART_GetITStatus)
    USART_ITConfig                           0x08001b5b   Thumb Code    74  stm32f10x_usart.o(i.USART_ITConfig)
    USART_Init                               0x08001ba5   Thumb Code   210  stm32f10x_usart.o(i.USART_Init)
    USART_ReceiveData                        0x08001c7d   Thumb Code    10  stm32f10x_usart.o(i.USART_ReceiveData)
    USART_SendData                           0x08001c87   Thumb Code     8  stm32f10x_usart.o(i.USART_SendData)
    __0snprintf                              0x08001c91   Thumb Code    36  printfa.o(i.__0snprintf)
    __1snprintf                              0x08001c91   Thumb Code     0  printfa.o(i.__0snprintf)
    __2snprintf                              0x08001c91   Thumb Code     0  printfa.o(i.__0snprintf)
    __c89snprintf                            0x08001c91   Thumb Code     0  printfa.o(i.__0snprintf)
    snprintf                                 0x08001c91   Thumb Code     0  printfa.o(i.__0snprintf)
    __scatterload_copy                       0x08001cb9   Thumb Code    14  handlers.o(i.__scatterload_copy)
    __scatterload_null                       0x08001cc7   Thumb Code     2  handlers.o(i.__scatterload_null)
    __scatterload_zeroinit                   0x08001cc9   Thumb Code    14  handlers.o(i.__scatterload_zeroinit)
    main                                     0x08002581   Thumb Code   144  main.o(i.main)
    weather_parse                            0x08002635   Thumb Code   132  weather.o(i.weather_parse)
    Region$$Table$$Base                      0x08003040   Number         0  anon$$obj.o(Region$$Table)
    Region$$Table$$Limit                     0x08003060   Number         0  anon$$obj.o(Region$$Table)
    esp_usart_rxFlag                         0x20000014   Data           1  esp_usart.o(.data)
    font_ascii_8x16                          0x2000002c   Data          12  stfonts.o(.data)
    font_ni_hao_shi_jie_16x16                0x20000038   Data          12  stfonts.o(.data)
    SystemCoreClock                          0x20000044   Data           4  system_stm32f10x.o(.data)
    AHBPrescTable                            0x20000048   Data          16  system_stm32f10x.o(.data)
    __initial_sp                             0x20002470   Data           0  startup_stm32f10x_hd.o(STACK)



==============================================================================

Memory Map of the image

  Image Entry point : 0x08000131

  Load Region LR_IROM1 (Base: 0x08000000, Size: 0x000030cc, Max: 0x00080000, ABSOLUTE)

    Execution Region ER_IROM1 (Base: 0x08000000, Size: 0x00003060, Max: 0x00080000, ABSOLUTE)

    Base Addr    Size         Type   Attr      Idx    E Section Name        Object

    0x08000000   0x00000130   Data   RO          848    RESET               startup_stm32f10x_hd.o
    0x08000130   0x00000000   Code   RO         3865  * .ARM.Collect$$$$00000000  mc_w.l(entry.o)
    0x08000130   0x00000004   Code   RO         4151    .ARM.Collect$$$$00000001  mc_w.l(entry2.o)
    0x08000134   0x00000004   Code   RO         4154    .ARM.Collect$$$$00000004  mc_w.l(entry5.o)
    0x08000138   0x00000000   Code   RO         4156    .ARM.Collect$$$$00000008  mc_w.l(entry7b.o)
    0x08000138   0x00000000   Code   RO         4158    .ARM.Collect$$$$0000000A  mc_w.l(entry8b.o)
    0x08000138   0x00000008   Code   RO         4159    .ARM.Collect$$$$0000000B  mc_w.l(entry9a.o)
    0x08000140   0x00000000   Code   RO         4161    .ARM.Collect$$$$0000000D  mc_w.l(entry10a.o)
    0x08000140   0x00000000   Code   RO         4163    .ARM.Collect$$$$0000000F  mc_w.l(entry11a.o)
    0x08000140   0x00000004   Code   RO         4152    .ARM.Collect$$$$00002712  mc_w.l(entry2.o)
    0x08000144   0x00000024   Code   RO          849    .text               startup_stm32f10x_hd.o
    0x08000168   0x00000024   Code   RO         3870    .text               mc_w.l(strstr.o)
    0x0800018c   0x00000018   Code   RO         3872    .text               mc_w.l(strncpy.o)
    0x080001a4   0x00000014   Code   RO         3874    .text               mc_w.l(strchr.o)
    0x080001b8   0x0000000e   Code   RO         3876    .text               mc_w.l(strlen.o)
    0x080001c6   0x0000001a   Code   RO         3878    .text               mc_w.l(memcmp.o)
    0x080001e0   0x0000002c   Code   RO         4168    .text               mc_w.l(uidiv.o)
    0x0800020c   0x00000062   Code   RO         4170    .text               mc_w.l(uldiv.o)
    0x0800026e   0x00000000   Code   RO         4181    .text               mc_w.l(iusefp.o)
    0x0800026e   0x0000014e   Code   RO         4184    .text               mf_w.l(dadd.o)
    0x080003bc   0x000000e4   Code   RO         4186    .text               mf_w.l(dmul.o)
    0x080004a0   0x000000de   Code   RO         4188    .text               mf_w.l(ddiv.o)
    0x0800057e   0x00000030   Code   RO         4190    .text               mf_w.l(dfixul.o)
    0x080005ae   0x00000002   PAD
    0x080005b0   0x00000030   Code   RO         4192    .text               mf_w.l(cdrcmple.o)
    0x080005e0   0x00000024   Code   RO         4194    .text               mc_w.l(init.o)
    0x08000604   0x0000001e   Code   RO         4197    .text               mc_w.l(llshl.o)
    0x08000622   0x00000020   Code   RO         4199    .text               mc_w.l(llushr.o)
    0x08000642   0x00000024   Code   RO         4201    .text               mc_w.l(llsshr.o)
    0x08000666   0x000000ba   Code   RO         4234    .text               mf_w.l(depilogue.o)
    0x08000720   0x00000010   Code   RO         1158    i.BKP_DeInit        stm32f10x_bkp.o
    0x08000730   0x00000088   Code   RO            1    i.Board_LowLevel_Init  main.o
    0x080007b8   0x0000003c   Code   RO          236    i.DMA1_Channel3_IRQHandler  lcd_spi.o
    0x080007f4   0x00000028   Code   RO          364    i.DMA1_Channel4_IRQHandler  esp_usart.o
    0x0800081c   0x0000001c   Code   RO         1624    i.DMA_ClearITPendingBit  stm32f10x_dma.o
    0x08000838   0x00000018   Code   RO         1625    i.DMA_Cmd           stm32f10x_dma.o
    0x08000850   0x0000014c   Code   RO         1626    i.DMA_DeInit        stm32f10x_dma.o
    0x0800099c   0x0000002c   Code   RO         1629    i.DMA_GetITStatus   stm32f10x_dma.o
    0x080009c8   0x00000012   Code   RO         1630    i.DMA_ITConfig      stm32f10x_dma.o
    0x080009da   0x0000003c   Code   RO         1631    i.DMA_Init          stm32f10x_dma.o
    0x08000a16   0x00000018   Code   RO          346    i.Delayms           delay.o
    0x08000a2e   0x00000002   PAD
    0x08000a30   0x00000040   Code   RO          347    i.Delayus           delay.o
    0x08000a70   0x00000048   Code   RO          597    i.ESP_AT_Http_Get   esp_at.o
    0x08000ab8   0x00000020   Code   RO          598    i.ESP_AT_Init       esp_at.o
    0x08000ad8   0x00000070   Code   RO          599    i.ESP_AT_Reset      esp_at.o
    0x08000b48   0x00000078   Code   RO          601    i.ESP_AT_Send_Cmd   esp_at.o
    0x08000bc0   0x00000044   Code   RO          604    i.ESP_AT_Wifi_Connect  esp_at.o
    0x08000c04   0x00000028   Code   RO          605    i.ESP_AT_Wifi_Init  esp_at.o
    0x08000c2c   0x0000003c   Code   RO          365    i.ESP_USART2_GPIO_Init  esp_usart.o
    0x08000c68   0x00000028   Code   RO          366    i.ESP_USART2_Init   esp_usart.o
    0x08000c90   0x00000030   Code   RO          367    i.ESP_USART2_LowLevel_Init  esp_usart.o
    0x08000cc0   0x00000022   Code   RO          368    i.ESP_USART2_NVIC_Init  esp_usart.o
    0x08000ce2   0x00000002   PAD
    0x08000ce4   0x0000000c   Code   RO          370    i.ESP_USART2_Receive_Register  esp_usart.o
    0x08000cf0   0x00000020   Code   RO          373    i.ESP_USART2_SendByte  esp_usart.o
    0x08000d10   0x0000001a   Code   RO          374    i.ESP_USART2_SendData  esp_usart.o
    0x08000d2a   0x00000016   Code   RO          376    i.ESP_USART2_SendString  esp_usart.o
    0x08000d40   0x00000030   Code   RO          210    i.EXTI4_IRQHandler  key_exti.o
    0x08000d70   0x0000000c   Code   RO         1696    i.EXTI_ClearITPendingBit  stm32f10x_exti.o
    0x08000d7c   0x00000028   Code   RO         1700    i.EXTI_GetITStatus  stm32f10x_exti.o
    0x08000da4   0x00000116   Code   RO         2049    i.GPIO_Init         stm32f10x_gpio.o
    0x08000eba   0x00000012   Code   RO         2053    i.GPIO_ReadInputDataBit  stm32f10x_gpio.o
    0x08000ecc   0x00000004   Code   RO         2056    i.GPIO_ResetBits    stm32f10x_gpio.o
    0x08000ed0   0x00000004   Code   RO         2057    i.GPIO_SetBits      stm32f10x_gpio.o
    0x08000ed4   0x0000000a   Code   RO         2060    i.GPIO_WriteBit     stm32f10x_gpio.o
    0x08000ede   0x00000002   PAD
    0x08000ee0   0x00000034   Code   RO          187    i.Key_Pressed       key.o
    0x08000f14   0x0000000e   Code   RO          188    i.Key_WaitRelease   key.o
    0x08000f22   0x00000002   PAD
    0x08000f24   0x0000002c   Code   RO          237    i.LCD_SPI_GPIO_Init  lcd_spi.o
    0x08000f50   0x00000010   Code   RO          238    i.LCD_SPI_Init      lcd_spi.o
    0x08000f60   0x00000058   Code   RO          239    i.LCD_SPI_LowLevel_Init  lcd_spi.o
    0x08000fb8   0x00000020   Code   RO          240    i.LCD_SPI_NVIC_Init  lcd_spi.o
    0x08000fd8   0x0000000c   Code   RO          241    i.LCD_SPI_Send_Finish_Register  lcd_spi.o
    0x08000fe4   0x00000064   Code   RO          242    i.LCD_SPI_Write_Async  lcd_spi.o
    0x08001048   0x0000003c   Code   RO          243    i.LCD_SPI_Write_Sync  lcd_spi.o
    0x08001084   0x0000002c   Code   RO          162    i.Led_Init          led.o
    0x080010b0   0x00000070   Code   RO          898    i.NVIC_Init         misc.o
    0x08001120   0x00000014   Code   RO          899    i.NVIC_PriorityGroupConfig  misc.o
    0x08001134   0x000000cc   Code   RO          606    i.On_USART_Received  esp_at.o
    0x08001200   0x0000000c   Code   RO         2403    i.PWR_BackupAccessCmd  stm32f10x_pwr.o
    0x0800120c   0x00000020   Code   RO         2464    i.RCC_AHBPeriphClockCmd  stm32f10x_rcc.o
    0x0800122c   0x00000020   Code   RO         2465    i.RCC_APB1PeriphClockCmd  stm32f10x_rcc.o
    0x0800124c   0x00000020   Code   RO         2467    i.RCC_APB2PeriphClockCmd  stm32f10x_rcc.o
    0x0800126c   0x0000000c   Code   RO         2470    i.RCC_BackupResetCmd  stm32f10x_rcc.o
    0x08001278   0x000000d4   Code   RO         2475    i.RCC_GetClocksFreq  stm32f10x_rcc.o
    0x0800134c   0x0000003c   Code   RO         2476    i.RCC_GetFlagStatus  stm32f10x_rcc.o
    0x08001388   0x00000034   Code   RO         2483    i.RCC_LSEConfig     stm32f10x_rcc.o
    0x080013bc   0x0000000c   Code   RO         2490    i.RCC_RTCCLKCmd     stm32f10x_rcc.o
    0x080013c8   0x00000010   Code   RO         2491    i.RCC_RTCCLKConfig  stm32f10x_rcc.o
    0x080013d8   0x00000014   Code   RO         2665    i.RTC_EnterConfigMode  stm32f10x_rtc.o
    0x080013ec   0x00000014   Code   RO         2666    i.RTC_ExitConfigMode  stm32f10x_rtc.o
    0x08001400   0x00000026   Code   RO          469    i.RTC_Init          rtc.o
    0x08001426   0x00000002   PAD
    0x08001428   0x00000020   Code   RO         2674    i.RTC_SetPrescaler  stm32f10x_rtc.o
    0x08001448   0x00000014   Code   RO         2675    i.RTC_WaitForLastTask  stm32f10x_rtc.o
    0x0800145c   0x00000024   Code   RO         2676    i.RTC_WaitForSynchro  stm32f10x_rtc.o
    0x08001480   0x00000018   Code   RO         2944    i.SPI_Cmd           stm32f10x_spi.o
    0x08001498   0x00000012   Code   RO         2950    i.SPI_I2S_DMACmd    stm32f10x_spi.o
    0x080014aa   0x00000012   Code   RO         2952    i.SPI_I2S_GetFlagStatus  stm32f10x_spi.o
    0x080014bc   0x00000004   Code   RO         2956    i.SPI_I2S_SendData  stm32f10x_spi.o
    0x080014c0   0x0000003c   Code   RO         2957    i.SPI_Init          stm32f10x_spi.o
    0x080014fc   0x0000000c   Code   RO          706    i.SPI_On_Async_Finish  st7735.o
    0x08001508   0x00000010   Code   RO          707    i.ST7735_Bl_On      st7735.o
    0x08001518   0x00000040   Code   RO          710    i.ST7735_Exec_Cmds  st7735.o
    0x08001558   0x000000c8   Code   RO          711    i.ST7735_Fill_Rect  st7735.o
    0x08001620   0x00000014   Code   RO          712    i.ST7735_Fill_Screen  st7735.o
    0x08001634   0x0000007c   Code   RO          713    i.ST7735_GPIO_Init  st7735.o
    0x080016b0   0x00000030   Code   RO          714    i.ST7735_Init       st7735.o
    0x080016e0   0x00000024   Code   RO          715    i.ST7735_Reset      st7735.o
    0x08001704   0x00000010   Code   RO          716    i.ST7735_Select     st7735.o
    0x08001714   0x00000052   Code   RO          717    i.ST7735_Set_Window  st7735.o
    0x08001766   0x00000002   PAD
    0x08001768   0x00000010   Code   RO          718    i.ST7735_Unselect   st7735.o
    0x08001778   0x000000b8   Code   RO          719    i.ST7735_Write_Char  st7735.o
    0x08001830   0x00000018   Code   RO          720    i.ST7735_Write_Cmd  st7735.o
    0x08001848   0x00000030   Code   RO          721    i.ST7735_Write_Data  st7735.o
    0x08001878   0x0000008e   Code   RO          724    i.ST7735_Write_String  st7735.o
    0x08001906   0x00000008   Code   RO          864    i.SetSysClock       system_stm32f10x.o
    0x0800190e   0x00000002   PAD
    0x08001910   0x000000e0   Code   RO          865    i.SetSysClockTo72   system_stm32f10x.o
    0x080019f0   0x00000060   Code   RO          867    i.SystemInit        system_stm32f10x.o
    0x08001a50   0x00000028   Code   RO          524    i.TIM2_IRQHandler   timer.o
    0x08001a78   0x00000006   Code   RO         3094    i.TIM_ClearITPendingBit  stm32f10x_tim.o
    0x08001a7e   0x00000022   Code   RO         3120    i.TIM_GetITStatus   stm32f10x_tim.o
    0x08001aa0   0x00000034   Code   RO          378    i.USART2_IRQHandler  esp_usart.o
    0x08001ad4   0x00000018   Code   RO         3635    i.USART_Cmd         stm32f10x_usart.o
    0x08001aec   0x0000001a   Code   RO         3638    i.USART_GetFlagStatus  stm32f10x_usart.o
    0x08001b06   0x00000054   Code   RO         3639    i.USART_GetITStatus  stm32f10x_usart.o
    0x08001b5a   0x0000004a   Code   RO         3641    i.USART_ITConfig    stm32f10x_usart.o
    0x08001ba4   0x000000d8   Code   RO         3642    i.USART_Init        stm32f10x_usart.o
    0x08001c7c   0x0000000a   Code   RO         3649    i.USART_ReceiveData  stm32f10x_usart.o
    0x08001c86   0x00000008   Code   RO         3652    i.USART_SendData    stm32f10x_usart.o
    0x08001c8e   0x00000002   PAD
    0x08001c90   0x00000028   Code   RO         4116    i.__0snprintf       mc_w.l(printfa.o)
    0x08001cb8   0x0000000e   Code   RO         4240    i.__scatterload_copy  mc_w.l(handlers.o)
    0x08001cc6   0x00000002   Code   RO         4241    i.__scatterload_null  mc_w.l(handlers.o)
    0x08001cc8   0x0000000e   Code   RO         4242    i.__scatterload_zeroinit  mc_w.l(handlers.o)
    0x08001cd6   0x00000002   PAD
    0x08001cd8   0x00000164   Code   RO         4122    i._fp_digits        mc_w.l(printfa.o)
    0x08001e3c   0x000006dc   Code   RO         4123    i._printf_core      mc_w.l(printfa.o)
    0x08002518   0x00000024   Code   RO         4124    i._printf_post_padding  mc_w.l(printfa.o)
    0x0800253c   0x0000002e   Code   RO         4125    i._printf_pre_padding  mc_w.l(printfa.o)
    0x0800256a   0x00000016   Code   RO         4126    i._snputc           mc_w.l(printfa.o)
    0x08002580   0x000000b4   Code   RO            2    i.main              main.o
    0x08002634   0x000000a0   Code   RO          582    i.weather_parse     weather.o
    0x080026d4   0x0000006d   Data   RO          726    .constdata          st7735.o
    0x08002741   0x00000880   Data   RO          820    .constdata          stfonts.o
    0x08002fc1   0x00000003   PAD
    0x08002fc4   0x0000007c   Data   RO            3    .conststring        main.o
    0x08003040   0x00000020   Data   RO         4238    Region$$Table       anon$$obj.o


    Execution Region RW_IRAM1 (Base: 0x20000000, Size: 0x00002470, Max: 0x00010000, ABSOLUTE)

    Base Addr    Size         Type   Attr      Idx    E Section Name        Object

    0x20000000   0x0000000c   Data   RW            4    .data               main.o
    0x2000000c   0x00000004   Data   RW          213    .data               key_exti.o
    0x20000010   0x00000004   Data   RW          244    .data               lcd_spi.o
    0x20000014   0x0000000c   Data   RW          380    .data               esp_usart.o
    0x20000020   0x00000004   Data   RW          529    .data               timer.o
    0x20000024   0x00000006   Data   RW          608    .data               esp_at.o
    0x2000002a   0x00000001   Data   RW          727    .data               st7735.o
    0x2000002b   0x00000001   PAD
    0x2000002c   0x00000018   Data   RW          821    .data               stfonts.o
    0x20000044   0x00000014   Data   RW          868    .data               system_stm32f10x.o
    0x20000058   0x00000014   Data   RW         2495    .data               stm32f10x_rcc.o
    0x2000006c   0x00001000   Zero   RW          607    .bss                esp_at.o
    0x2000106c   0x00001000   Zero   RW          725    .bss                st7735.o
    0x2000206c   0x00000004   PAD
    0x20002070   0x00000400   Zero   RW          846    STACK               startup_stm32f10x_hd.o


==============================================================================

Image component sizes


      Code (inc. data)   RO Data    RW Data    ZI Data      Debug   Object Name

        88         10          0          0          0        904   delay.o
       648        154          0          6       4096       5154   esp_at.o
       366         38          0         12          0       6023   esp_usart.o
        66          6          0          0          0        908   key.o
        48          6          0          4          0        647   key_exti.o
       412         38          0          4          0       4952   lcd_spi.o
        44          6          0          0          0       1679   led.o
       316         36        124         12          0     274431   main.o
       132         22          0          0          0       1479   misc.o
        38          0          0          0          0        427   rtc.o
      1032         62        109          1       4096      10304   st7735.o
        36          8        304          0       1024        844   startup_stm32f10x_hd.o
         0          0       2176         24          0       1160   stfonts.o
        16          0          0          0          0        465   stm32f10x_bkp.o
       506         26          0          0          0       5023   stm32f10x_dma.o
        52         12          0          0          0       1096   stm32f10x_exti.o
       314          0          0          0          0       4140   stm32f10x_gpio.o
        12          6          0          0          0        494   stm32f10x_pwr.o
       460         64          0         20          0       7534   stm32f10x_rcc.o
       128         26          0          0          0       2373   stm32f10x_rtc.o
       124          0          0          0          0       3781   stm32f10x_spi.o
        40          0          0          0          0       1702   stm32f10x_tim.o
       442          6          0          0          0       6041   stm32f10x_usart.o
       328         28          0         20          0       2245   system_stm32f10x.o
        40          6          0          4          0        626   timer.o
       160         28          0          0          0       1164   weather.o

    ----------------------------------------------------------------------
      5864        588       2748        108       9220     345596   Object Totals
         0          0         32          0          0          0   (incl. Generated)
        16          0          3          1          4          0   (incl. Padding)

    ----------------------------------------------------------------------

      Code (inc. data)   RO Data    RW Data    ZI Data      Debug   Library Member Name

         0          0          0          0          0          0   entry.o
         0          0          0          0          0          0   entry10a.o
         0          0          0          0          0          0   entry11a.o
         8          4          0          0          0          0   entry2.o
         4          0          0          0          0          0   entry5.o
         0          0          0          0          0          0   entry7b.o
         0          0          0          0          0          0   entry8b.o
         8          4          0          0          0          0   entry9a.o
        30          0          0          0          0          0   handlers.o
        36          8          0          0          0         68   init.o
         0          0          0          0          0          0   iusefp.o
        30          0          0          0          0         68   llshl.o
        36          0          0          0          0         68   llsshr.o
        32          0          0          0          0         68   llushr.o
        26          0          0          0          0         80   memcmp.o
      2256         84          0          0          0        512   printfa.o
        20          0          0          0          0         68   strchr.o
        14          0          0          0          0         68   strlen.o
        24          0          0          0          0         76   strncpy.o
        36          0          0          0          0         80   strstr.o
        44          0          0          0          0         80   uidiv.o
        98          0          0          0          0         92   uldiv.o
        48          0          0          0          0         68   cdrcmple.o
       334          0          0          0          0        148   dadd.o
       222          0          0          0          0        100   ddiv.o
       186          0          0          0          0        176   depilogue.o
        48          0          0          0          0         68   dfixul.o
       228          0          0          0          0         96   dmul.o

    ----------------------------------------------------------------------
      3772        100          0          0          0       1984   Library Totals
         4          0          0          0          0          0   (incl. Padding)

    ----------------------------------------------------------------------

      Code (inc. data)   RO Data    RW Data    ZI Data      Debug   Library Name

      2702        100          0          0          0       1328   mc_w.l
      1066          0          0          0          0        656   mf_w.l

    ----------------------------------------------------------------------
      3772        100          0          0          0       1984   Library Totals

    ----------------------------------------------------------------------

==============================================================================


      Code (inc. data)   RO Data    RW Data    ZI Data      Debug   

      9636        688       2748        108       9220     341700   Grand Totals
      9636        688       2748        108       9220     341700   ELF Image Totals
      9636        688       2748        108          0          0   ROM Totals

==============================================================================

    Total RO  Size (Code + RO Data)                12384 (  12.09kB)
    Total RW  Size (RW Data + ZI Data)              9328 (   9.11kB)
    Total ROM Size (Code + RO Data + RW Data)      12492 (  12.20kB)

==============================================================================

